<html>
<body>
<pre>
<h1>µVision Build Log</h1>
<h2>Tool Versions:</h2>
IDE-Version: ¦ÌVision V5.29.0.0
Copyright (C) 2019 ARM Ltd and ARM Germany GmbH. All rights reserved.
License Information: srf vsf dfs , dsfa, LIC=EXJT4-FRCLS-WFFI7-EQ943-H4EUR-YXSXT
 
Tool Versions:
Toolchain:       MDK-ARM Plus  Version: 5.33.0.0
Toolchain Path:  C:\Keil_v5\ARM\ARMCC\Bin
C Compiler:      Armcc.exe V5.06 update 7 (build 960)
Assembler:       Armasm.exe V5.06 update 7 (build 960)
Linker/Locator:  ArmLink.exe V5.06 update 7 (build 960)
Library Manager: ArmAr.exe V5.06 update 7 (build 960)
Hex Converter:   FromElf.exe V5.06 update 7 (build 960)
CPU DLL:         SARMCM3.DLL V5.33.0.0
Dialog DLL:      DCM.DLL V1.17.3.0
Target DLL:      STLink\ST-LINKIII-KEIL_SWO.dll V3.0.8.0
Dialog DLL:      TCM.DLL V1.48.0.0
 
<h2>Project:</h2>
X:\HK32\HK32F103CBT6A\MDK_ARM\demo.uvprojx
Project File Date:  03/25/2021

<h2>Output:</h2>
*** Using Compiler 'V5.06 update 7 (build 960)', folder: 'C:\Keil_v5\ARM\ARMCC\Bin'
Rebuild target 'demo'
assembling startup_hk32f103xB.s...
compiling hk32f10x_it.c...
compiling hk32f10x_adc.c...
compiling hk32f10x_bkp.c...
compiling hk32f10x_can.c...
compiling main.c...
compiling system_hk32f10x.c...
compiling hk32f10x_crc.c...
compiling hk32f10x_exti.c...
compiling hk32f10x_dac.c...
compiling hk32f10x_dbgmcu.c...
compiling hk32f10x_flash.c...
compiling hk32f10x_dma.c...
compiling hk32f10x_fsmc.c...
compiling hk32f10x_iwdg.c...
compiling hk32f10x_rcc.c...
compiling hk32f10x_gpio.c...
compiling hk32f10x_pwr.c...
compiling hk32f10x_i2c.c...
compiling hk32f10x_rtc.c...
compiling hk32f10x_usart.c...
compiling hk32f10x_wwdg.c...
compiling hk32f10x_spi.c...
compiling hk32f10x_sdio.c...
compiling hk32f10x_tim.c...
compiling misc.c...
compiling oled.c...
compiling sys.c...
compiling delay.c...
compiling i2c.c...
compiling protocol.c...
compiling system.c...
..\mcu_sdk\system.c(150): warning:  #177-D: variable "str"  was declared but never referenced
      unsigned char str[10] = {0};
..\mcu_sdk\system.c: 1 warning, 0 errors
compiling mcu_api.c...
compiling sht30.c...
compiling ws2812.c...
compiling usart.c...
linking...
Program Size: Code=6256 RO-data=2380 RW-data=512 ZI-data=1744  
FromELF: creating hex file...
".\Objects\demo.axf" - 0 Error(s), 1 Warning(s).

<h2>Software Packages used:</h2>

Package Vendor: HKMicroChip
                http://www.hsxp-hk.com/companyfile/2/HKMicroChip.HK32F1xx_DFP.1.0.6.pack
                HKMicroChip.HK32F1xx_DFP.1.0.6
                HKMicroChip HK32F1 ARM Cortex-M3 Device Family Pack Device Support

<h2>Collection of Component include folders:</h2>
  .\RTE\_demo

<h2>Collection of Component Files used:</h2>
Build Time Elapsed:  00:00:16
</pre>
</body>
</html>
