Component: ARM Compiler 5.06 update 7 (build 960) Tool: armlink [4d3601]

==============================================================================

Section Cross References

    system_hk32f10x.o(i.SetSysClock) refers to system_hk32f10x.o(i.SetSysClockToHSI64) for SetSysClockToHSI64
    system_hk32f10x.o(i.SystemCoreClockUpdate) refers to system_hk32f10x.o(.data) for SystemCoreClock
    system_hk32f10x.o(i.SystemInit) refers to system_hk32f10x.o(i.SetSysClock) for SetSysClock
    main.o(i.OLED_Show) refers to oled.o(i.oled_user_clear) for oled_user_clear
    main.o(i.OLED_Show) refers to oled.o(i.oled_show_chinese) for oled_show_chinese
    main.o(i.OLED_Show) refers to oled.o(i.oled_show_char) for oled_show_char
    main.o(i.OLED_Show) refers to oled.o(i.oled_show_number) for oled_show_number
    main.o(i.main) refers to delay.o(i.delay_init) for delay_init
    main.o(i.main) refers to sys.o(i.NVIC_Configuration) for NVIC_Configuration
    main.o(i.main) refers to oled.o(i.oled_init) for oled_init
    main.o(i.main) refers to ws2812.o(i.RGB_LED_Init) for RGB_LED_Init
    main.o(i.main) refers to oled.o(i.oled_display_on) for oled_display_on
    main.o(i.main) refers to usart.o(i.USART3_Init) for USART3_Init
    main.o(i.main) refers to mcu_api.o(i.wifi_protocol_init) for wifi_protocol_init
    main.o(i.main) refers to mcu_api.o(i.wifi_uart_service) for wifi_uart_service
    main.o(i.main) refers to mcu_api.o(i.mcu_set_wifi_mode) for mcu_set_wifi_mode
    main.o(i.main) refers to mcu_api.o(i.mcu_get_wifi_work_state) for mcu_get_wifi_work_state
    main.o(i.main) refers to main.o(i.OLED_Show) for OLED_Show
    startup_hk32f103xb.o(STACK) refers (Special) to heapauxi.o(.text) for __use_two_region_memory
    startup_hk32f103xb.o(HEAP) refers (Special) to heapauxi.o(.text) for __use_two_region_memory
    startup_hk32f103xb.o(RESET) refers (Special) to heapauxi.o(.text) for __use_two_region_memory
    startup_hk32f103xb.o(RESET) refers to startup_hk32f103xb.o(STACK) for __initial_sp
    startup_hk32f103xb.o(RESET) refers to startup_hk32f103xb.o(.text) for Reset_Handler
    startup_hk32f103xb.o(RESET) refers to hk32f10x_it.o(i.NMI_Handler) for NMI_Handler
    startup_hk32f103xb.o(RESET) refers to hk32f10x_it.o(i.HardFault_Handler) for HardFault_Handler
    startup_hk32f103xb.o(RESET) refers to hk32f10x_it.o(i.MemManage_Handler) for MemManage_Handler
    startup_hk32f103xb.o(RESET) refers to hk32f10x_it.o(i.BusFault_Handler) for BusFault_Handler
    startup_hk32f103xb.o(RESET) refers to hk32f10x_it.o(i.UsageFault_Handler) for UsageFault_Handler
    startup_hk32f103xb.o(RESET) refers to hk32f10x_it.o(i.SVC_Handler) for SVC_Handler
    startup_hk32f103xb.o(RESET) refers to hk32f10x_it.o(i.DebugMon_Handler) for DebugMon_Handler
    startup_hk32f103xb.o(RESET) refers to hk32f10x_it.o(i.PendSV_Handler) for PendSV_Handler
    startup_hk32f103xb.o(RESET) refers to hk32f10x_it.o(i.SysTick_Handler) for SysTick_Handler
    startup_hk32f103xb.o(RESET) refers to usart.o(i.USART3_IRQHandler) for USART3_IRQHandler
    startup_hk32f103xb.o(.text) refers (Special) to heapauxi.o(.text) for __use_two_region_memory
    startup_hk32f103xb.o(.text) refers to system_hk32f10x.o(i.SystemInit) for SystemInit
    startup_hk32f103xb.o(.text) refers to __main.o(!!!main) for __main
    startup_hk32f103xb.o(.text) refers to startup_hk32f103xb.o(HEAP) for Heap_Mem
    startup_hk32f103xb.o(.text) refers to startup_hk32f103xb.o(STACK) for Stack_Mem
    hk32f10x_adc.o(i.ADC_DeInit) refers to hk32f10x_rcc.o(i.RCC_APB2PeriphResetCmd) for RCC_APB2PeriphResetCmd
    hk32f10x_bkp.o(i.BKP_DeInit) refers to hk32f10x_rcc.o(i.RCC_BackupResetCmd) for RCC_BackupResetCmd
    hk32f10x_can.o(i.CAN_DeInit) refers to hk32f10x_rcc.o(i.RCC_APB1PeriphResetCmd) for RCC_APB1PeriphResetCmd
    hk32f10x_can.o(i.CAN_GetITStatus) refers to hk32f10x_can.o(i.CheckITStatus) for CheckITStatus
    hk32f10x_dac.o(i.DAC_DeInit) refers to hk32f10x_rcc.o(i.RCC_APB1PeriphResetCmd) for RCC_APB1PeriphResetCmd
    hk32f10x_flash.o(i.FLASH_EnableWriteProtection) refers to hk32f10x_flash.o(i.FLASH_WaitForLastOperation) for FLASH_WaitForLastOperation
    hk32f10x_flash.o(i.FLASH_EraseAllBank1Pages) refers to hk32f10x_flash.o(i.FLASH_WaitForLastBank1Operation) for FLASH_WaitForLastBank1Operation
    hk32f10x_flash.o(i.FLASH_EraseAllPages) refers to hk32f10x_flash.o(i.FLASH_WaitForLastOperation) for FLASH_WaitForLastOperation
    hk32f10x_flash.o(i.FLASH_EraseOptionBytes) refers to hk32f10x_flash.o(i.FLASH_GetReadOutProtectionStatus) for FLASH_GetReadOutProtectionStatus
    hk32f10x_flash.o(i.FLASH_EraseOptionBytes) refers to hk32f10x_flash.o(i.FLASH_WaitForLastOperation) for FLASH_WaitForLastOperation
    hk32f10x_flash.o(i.FLASH_ErasePage) refers to hk32f10x_flash.o(i.FLASH_WaitForLastOperation) for FLASH_WaitForLastOperation
[...]
    Removing hk32f10x_tim.o(i.TIM_SelectCCDMA), (24 bytes).
    Removing hk32f10x_tim.o(i.TIM_SelectCOM), (24 bytes).
    Removing hk32f10x_tim.o(i.TIM_SelectHallSensor), (24 bytes).
    Removing hk32f10x_tim.o(i.TIM_SelectInputTrigger), (18 bytes).
    Removing hk32f10x_tim.o(i.TIM_SelectMasterSlaveMode), (18 bytes).
    Removing hk32f10x_tim.o(i.TIM_SelectOCxM), (82 bytes).
    Removing hk32f10x_tim.o(i.TIM_SelectOnePulseMode), (18 bytes).
    Removing hk32f10x_tim.o(i.TIM_SelectOutputTrigger), (18 bytes).
    Removing hk32f10x_tim.o(i.TIM_SelectSlaveMode), (18 bytes).
    Removing hk32f10x_tim.o(i.TIM_SetAutoreload), (4 bytes).
    Removing hk32f10x_tim.o(i.TIM_SetClockDivision), (18 bytes).
    Removing hk32f10x_tim.o(i.TIM_SetCompare1), (4 bytes).
    Removing hk32f10x_tim.o(i.TIM_SetCompare2), (4 bytes).
    Removing hk32f10x_tim.o(i.TIM_SetCompare3), (4 bytes).
    Removing hk32f10x_tim.o(i.TIM_SetCompare4), (6 bytes).
    Removing hk32f10x_tim.o(i.TIM_SetCounter), (4 bytes).
    Removing hk32f10x_tim.o(i.TIM_SetIC1Prescaler), (18 bytes).
    Removing hk32f10x_tim.o(i.TIM_SetIC2Prescaler), (26 bytes).
    Removing hk32f10x_tim.o(i.TIM_SetIC3Prescaler), (18 bytes).
    Removing hk32f10x_tim.o(i.TIM_SetIC4Prescaler), (26 bytes).
    Removing hk32f10x_tim.o(i.TIM_TIxExternalClockConfig), (62 bytes).
    Removing hk32f10x_tim.o(i.TIM_TimeBaseInit), (164 bytes).
    Removing hk32f10x_tim.o(i.TIM_TimeBaseStructInit), (18 bytes).
    Removing hk32f10x_tim.o(i.TIM_UpdateDisableConfig), (24 bytes).
    Removing hk32f10x_tim.o(i.TIM_UpdateRequestConfig), (24 bytes).
    Removing hk32f10x_usart.o(i.USART_ClearFlag), (18 bytes).
    Removing hk32f10x_usart.o(i.USART_ClearITPendingBit), (30 bytes).
    Removing hk32f10x_usart.o(i.USART_ClockInit), (34 bytes).
    Removing hk32f10x_usart.o(i.USART_ClockStructInit), (12 bytes).
    Removing hk32f10x_usart.o(i.USART_DMACmd), (18 bytes).
    Removing hk32f10x_usart.o(i.USART_DeInit), (156 bytes).
    Removing hk32f10x_usart.o(i.USART_GetITStatus), (84 bytes).
    Removing hk32f10x_usart.o(i.USART_HalfDuplexCmd), (24 bytes).
    Removing hk32f10x_usart.o(i.USART_IrDACmd), (24 bytes).
    Removing hk32f10x_usart.o(i.USART_IrDAConfig), (18 bytes).
    Removing hk32f10x_usart.o(i.USART_LINBreakDetectLengthConfig), (18 bytes).
    Removing hk32f10x_usart.o(i.USART_LINCmd), (24 bytes).
    Removing hk32f10x_usart.o(i.USART_OneBitMethodCmd), (24 bytes).
    Removing hk32f10x_usart.o(i.USART_OverSampling8Cmd), (22 bytes).
    Removing hk32f10x_usart.o(i.USART_ReceiverWakeUpCmd), (24 bytes).
    Removing hk32f10x_usart.o(i.USART_SendBreak), (10 bytes).
    Removing hk32f10x_usart.o(i.USART_SendData), (8 bytes).
    Removing hk32f10x_usart.o(i.USART_SetAddress), (18 bytes).
    Removing hk32f10x_usart.o(i.USART_SetGuardTime), (16 bytes).
    Removing hk32f10x_usart.o(i.USART_SetPrescaler), (16 bytes).
    Removing hk32f10x_usart.o(i.USART_SmartCardCmd), (24 bytes).
    Removing hk32f10x_usart.o(i.USART_SmartCardNACKCmd), (24 bytes).
    Removing hk32f10x_usart.o(i.USART_StructInit), (24 bytes).
    Removing hk32f10x_usart.o(i.USART_WakeUpConfig), (18 bytes).
    Removing hk32f10x_wwdg.o(i.WWDG_ClearFlag), (12 bytes).
    Removing hk32f10x_wwdg.o(i.WWDG_DeInit), (22 bytes).
    Removing hk32f10x_wwdg.o(i.WWDG_Enable), (16 bytes).
    Removing hk32f10x_wwdg.o(i.WWDG_EnableIT), (12 bytes).
    Removing hk32f10x_wwdg.o(i.WWDG_GetFlagStatus), (12 bytes).
    Removing hk32f10x_wwdg.o(i.WWDG_SetCounter), (16 bytes).
    Removing hk32f10x_wwdg.o(i.WWDG_SetPrescaler), (24 bytes).
    Removing hk32f10x_wwdg.o(i.WWDG_SetWindowValue), (40 bytes).
    Removing misc.o(i.NVIC_SetVectorTable), (20 bytes).
    Removing misc.o(i.NVIC_SystemLPConfig), (32 bytes).
    Removing i2c.o(i.I2C_ACK), (68 bytes).
    Removing i2c.o(i.I2C_CheckDevice), (32 bytes).
    Removing i2c.o(i.I2C_INIT), (40 bytes).
    Removing i2c.o(i.I2C_NACK), (56 bytes).
    Removing i2c.o(i.I2C_ReadByte), (76 bytes).
    Removing i2c.o(i.I2C_SendByte), (108 bytes).
    Removing i2c.o(i.I2C_Start), (60 bytes).
    Removing i2c.o(i.I2C_Stop), (44 bytes).
    Removing i2c.o(i.I2C_Wait_ACK), (76 bytes).
    Removing delay.o(i.delay_us), (80 bytes).
    Removing oled.o(i.OLED_On), (62 bytes).
    Removing oled.o(i.fill_picture), (64 bytes).
    Removing oled.o(i.oled_clear), (62 bytes).
    Removing oled.o(i.oled_display_off), (28 bytes).
    Removing oled.o(i.oled_draw_bmp), (118 bytes).
    Removing oled.o(i.oled_show_float_number), (396 bytes).
    Removing oled.o(i.oled_show_int_number), (122 bytes).
    Removing oled.o(i.oled_show_string), (58 bytes).
    Removing oled.o(i.oled_temp_humi_display), (160 bytes).
    Removing sht30.o(i.CheckCrc8), (62 bytes).
    Removing sht30.o(i.SHT30_Get_Humiture_periodic), (324 bytes).
    Removing sht30.o(i.SHT30_Get_Humiture_single), (332 bytes).
    Removing sht30.o(i.SHT30_Init), (12 bytes).
    Removing sht30.o(i.SHT30_ReadSerialNumber), (100 bytes).
    Removing sht30.o(i.SHT30_Read_Data), (66 bytes).
    Removing sht30.o(i.SHT30_Send_Cmd), (60 bytes).
    Removing ws2812.o(i.RGB_LED_Blue), (26 bytes).
    Removing ws2812.o(i.RGB_LED_Green), (26 bytes).
    Removing ws2812.o(i.RGB_LED_Red), (26 bytes).
    Removing ws2812.o(i.RGB_LED_Reset), (24 bytes).
    Removing ws2812.o(i.RGB_LED_Write0), (100 bytes).
    Removing ws2812.o(i.RGB_LED_Write1), (92 bytes).
    Removing ws2812.o(i.RGB_LED_Write_24Bits), (28 bytes).
    Removing ws2812.o(i.RGB_LED_Write_Byte), (38 bytes).
    Removing mcu_api.o(i.hex_to_bcd), (108 bytes).
    Removing mcu_api.o(i.int_to_byte), (16 bytes).
    Removing mcu_api.o(i.mcu_dp_fault_update), (200 bytes).
    Removing mcu_api.o(i.mcu_dp_string_update), (116 bytes).
    Removing mcu_api.o(i.mcu_get_reset_wifi_flag), (12 bytes).
    Removing mcu_api.o(i.mcu_get_wifimode_flag), (12 bytes).
    Removing mcu_api.o(i.mcu_reset_wifi), (24 bytes).
    Removing mcu_api.o(i.mcu_start_wifitest), (14 bytes).
    Removing mcu_api.o(i.my_memset), (34 bytes).
    Removing mcu_api.o(i.my_strcmp), (32 bytes).
    Removing mcu_api.o(i.my_strcpy), (34 bytes).
    Removing mcu_api.o(i.uart_receive_buff_input), (28 bytes).

489 unused section(s) (total 23772 bytes) removed from the image.

==============================================================================

Image Symbol Table

    Local Symbols

    Symbol Name                              Value     Ov Type        Size  Object(Section)

    ../clib/angel/boardlib.s                 0x00000000   Number         0  boardinit1.o ABSOLUTE
    ../clib/angel/boardlib.s                 0x00000000   Number         0  boardinit2.o ABSOLUTE
    ../clib/angel/boardlib.s                 0x00000000   Number         0  boardinit3.o ABSOLUTE
    ../clib/angel/boardlib.s                 0x00000000   Number         0  boardshut.o ABSOLUTE
    ../clib/angel/dczerorl2.s                0x00000000   Number         0  __dczerorl2.o ABSOLUTE
    ../clib/angel/handlers.s                 0x00000000   Number         0  __scatter_zi.o ABSOLUTE
    ../clib/angel/kernel.s                   0x00000000   Number         0  rtexit.o ABSOLUTE
    ../clib/angel/kernel.s                   0x00000000   Number         0  rtexit2.o ABSOLUTE
    ../clib/angel/kernel.s                   0x00000000   Number         0  __rtentry4.o ABSOLUTE
    ../clib/angel/kernel.s                   0x00000000   Number         0  __rtentry2.o ABSOLUTE
    ../clib/angel/kernel.s                   0x00000000   Number         0  __rtentry.o ABSOLUTE
    ../clib/angel/rt.s                       0x00000000   Number         0  rt_raise.o ABSOLUTE
    ../clib/angel/rt.s                       0x00000000   Number         0  rt_heap_descriptor.o ABSOLUTE
    ../clib/angel/rt.s                       0x00000000   Number         0  rt_heap_descriptor_intlibspace.o ABSOLUTE
    ../clib/angel/rt.s                       0x00000000   Number         0  rt_errno_addr_intlibspace.o ABSOLUTE
    ../clib/angel/rt.s                       0x00000000   Number         0  rt_errno_addr.o ABSOLUTE
    ../clib/angel/scatter.s                  0x00000000   Number         0  __scatter.o ABSOLUTE
    ../clib/angel/startup.s                  0x00000000   Number         0  __main.o ABSOLUTE
    ../clib/angel/sys.s                      0x00000000   Number         0  mutex_dummy.o ABSOLUTE
    ../clib/angel/sys.s                      0x00000000   Number         0  sys_stackheap_outer.o ABSOLUTE
    ../clib/angel/sys.s                      0x00000000   Number         0  indicate_semi.o ABSOLUTE
    ../clib/angel/sys.s                      0x00000000   Number         0  use_no_semi.o ABSOLUTE
    ../clib/angel/sys.s                      0x00000000   Number         0  libspace.o ABSOLUTE
    ../clib/angel/sysapp.c                   0x00000000   Number         0  sys_io.o ABSOLUTE
    ../clib/angel/sysapp.c                   0x00000000   Number         0  sys_command.o ABSOLUTE
    ../clib/angel/sysapp.c                   0x00000000   Number         0  sys_wrch.o ABSOLUTE
    ../clib/angel/sysapp.c                   0x00000000   Number         0  sys_exit.o ABSOLUTE
    ../clib/armsys.c                         0x00000000   Number         0  _get_argv.o ABSOLUTE
    ../clib/armsys.c                         0x00000000   Number         0  no_argv.o ABSOLUTE
    ../clib/armsys.c                         0x00000000   Number         0  _get_argv_nomalloc.o ABSOLUTE
    ../clib/armsys.c                         0x00000000   Number         0  argv_veneer.o ABSOLUTE
    ../clib/armsys.c                         0x00000000   Number         0  argv_veneer.o ABSOLUTE
    ../clib/assert.c                         0x00000000   Number         0  assert_stdio.o ABSOLUTE
    ../clib/heap1.c                          0x00000000   Number         0  h1_free_mt.o ABSOLUTE
    ../clib/heap1.c                          0x00000000   Number         0  h1_final_mt.o ABSOLUTE
    ../clib/heap1.c                          0x00000000   Number         0  h1_alloc_mt.o ABSOLUTE
    ../clib/heap1.c                          0x00000000   Number         0  h1_alloc.o ABSOLUTE
    ../clib/heap1.c                          0x00000000   Number         0  h1_extend_mt.o ABSOLUTE
    ../clib/heap1.c                          0x00000000   Number         0  h1_init_mt.o ABSOLUTE
    ../clib/heap1.c                          0x00000000   Number         0  h1_extend.o ABSOLUTE
    ../clib/heap1.c                          0x00000000   Number         0  h1_final.o ABSOLUTE
    ../clib/heap1.c                          0x00000000   Number         0  h1_init.o ABSOLUTE
    ../clib/heap1.c                          0x00000000   Number         0  h1_free.o ABSOLUTE
    ../clib/heap2.c                          0x00000000   Number         0  fdtree.o ABSOLUTE
    ../clib/heap2.c                          0x00000000   Number         0  heap2mt.o ABSOLUTE
    ../clib/heap2.c                          0x00000000   Number         0  heap2.o ABSOLUTE
    ../clib/heapalloc.c                      0x00000000   Number         0  maybetermalloc2.o ABSOLUTE
    ../clib/heapalloc.c                      0x00000000   Number         0  malloc.o ABSOLUTE
    ../clib/heapalloc.c                      0x00000000   Number         0  maybetermalloc1.o ABSOLUTE
    ../clib/heapalloc.c                      0x00000000   Number         0  init_alloc.o ABSOLUTE
    ../clib/heapalloc.c                      0x00000000   Number         0  hguard.o ABSOLUTE
    ../clib/heapalloc.c                      0x00000000   Number         0  free.o ABSOLUTE
    ../clib/heapalloc.c                      0x00000000   Number         0  term_alloc.o ABSOLUTE
    ../clib/heapalloc.c                      0x00000000   Number         0  hrguard.o ABSOLUTE
    ../clib/heapalloc.c                      0x00000000   Number         0  maybetermalloc1.o ABSOLUTE
    ../clib/heapalloc.c                      0x00000000   Number         0  maybetermalloc2.o ABSOLUTE
    ../clib/heapalloc.c                      0x00000000   Number         0  heapstubs.o ABSOLUTE
    ../clib/heapaux.c                        0x00000000   Number         0  heapauxa.o ABSOLUTE
    ../clib/heapaux.c                        0x00000000   Number         0  heapauxi.o ABSOLUTE
    ../clib/libinit.s                        0x00000000   Number         0  libshutdown.o ABSOLUTE
    ../clib/libinit.s                        0x00000000   Number         0  libshutdown2.o ABSOLUTE
    ../clib/libinit.s                        0x00000000   Number         0  libinit.o ABSOLUTE
    ../clib/libinit.s                        0x00000000   Number         0  libinit2.o ABSOLUTE
    ../clib/memcpset.s                       0x00000000   Number         0  rt_memcpy_v6.o ABSOLUTE
    ../clib/memcpset.s                       0x00000000   Number         0  rt_memcpy_w.o ABSOLUTE
    ../clib/memcpset.s                       0x00000000   Number         0  rt_memclr_w.o ABSOLUTE
    ../clib/printf.c                         0x00000000   Number         0  __printf_wp.o ABSOLUTE
    ../clib/printf.c                         0x00000000   Number         0  __printf_flags_wp.o ABSOLUTE
    ../clib/printf.c                         0x00000000   Number         0  _printf_char_common.o ABSOLUTE
    ../clib/printf.c                         0x00000000   Number         0  _printf_char_file_locked.o ABSOLUTE
    ../clib/printf.c                         0x00000000   Number         0  __printf_nopercent.o ABSOLUTE
    ../clib/printf.c                         0x00000000   Number         0  _printf_hex_int_ptr.o ABSOLUTE
    ../clib/printf.c                         0x00000000   Number         0  __2printf.o ABSOLUTE
    ../clib/printf.c                         0x00000000   Number         0  __printf_flags_ss_wp.o ABSOLUTE
    ../clib/printf.c                         0x00000000   Number         0  __printf_ss_wp.o ABSOLUTE
    ../clib/printf.c                         0x00000000   Number         0  noretval__2printf.o ABSOLUTE
    ../clib/printf.c                         0x00000000   Number         0  __printf.o ABSOLUTE
    ../clib/printf.c                         0x00000000   Number         0  _printf_hex_int_ll_ptr.o ABSOLUTE
    ../clib/printf.c                         0x00000000   Number         0  _printf_hex_ptr.o ABSOLUTE
    ../clib/printf.c                         0x00000000   Number         0  _printf_hex_int_ll.o ABSOLUTE
    ../clib/printf.c                         0x00000000   Number         0  _printf_hex_ll_ptr.o ABSOLUTE
    ../clib/printf.c                         0x00000000   Number         0  _printf_hex_ll.o ABSOLUTE
    ../clib/printf.c                         0x00000000   Number         0  _printf_char_file.o ABSOLUTE
    ../clib/printf.c                         0x00000000   Number         0  __printf_flags.o ABSOLUTE
    ../clib/printf.c                         0x00000000   Number         0  __printf_ss.o ABSOLUTE
    ../clib/printf.c                         0x00000000   Number         0  __printf_flags_ss.o ABSOLUTE
    ../clib/printf.c                         0x00000000   Number         0  _printf_intcommon.o ABSOLUTE
    ../clib/printf.c                         0x00000000   Number         0  _printf_hex_int.o ABSOLUTE
    ../clib/printf_percent.s                 0x00000000   Number         0  _printf_x.o ABSOLUTE
    ../clib/printf_percent.s                 0x00000000   Number         0  _printf_percent_end.o ABSOLUTE
    ../clib/printf_percent.s                 0x00000000   Number         0  _printf_percent.o ABSOLUTE
    ../clib/signal.c                         0x00000000   Number         0  defsig_rtmem_formal.o ABSOLUTE
    ../clib/signal.c                         0x00000000   Number         0  defsig_rtmem_outer.o ABSOLUTE
    ../clib/signal.c                         0x00000000   Number         0  defsig_general.o ABSOLUTE
    ../clib/signal.c                         0x00000000   Number         0  __raise.o ABSOLUTE
    ../clib/signal.c                         0x00000000   Number         0  defsig_rtred_outer.o ABSOLUTE
    ../clib/signal.c                         0x00000000   Number         0  defsig_rtred_formal.o ABSOLUTE
    ../clib/signal.c                         0x00000000   Number         0  defsig_abrt_inner.o ABSOLUTE
    ../clib/signal.c                         0x00000000   Number         0  defsig_rtred_inner.o ABSOLUTE
    ../clib/signal.c                         0x00000000   Number         0  defsig_exit.o ABSOLUTE
    ../clib/signal.c                         0x00000000   Number         0  defsig_rtmem_inner.o ABSOLUTE
    ../clib/signal.c                         0x00000000   Number         0  defsig_fpe_inner.o ABSOLUTE
    ../clib/signal.c                         0x00000000   Number         0  defsig_pvfn_inner.o ABSOLUTE
    ../clib/signal.c                         0x00000000   Number         0  defsig_cppl_inner.o ABSOLUTE
    ../clib/signal.c                         0x00000000   Number         0  defsig_segv_inner.o ABSOLUTE
    ../clib/signal.c                         0x00000000   Number         0  defsig_other.o ABSOLUTE
    ../clib/signal.c                         0x00000000   Number         0  defsig_stak_inner.o ABSOLUTE
    ../clib/signal.s                         0x00000000   Number         0  defsig.o ABSOLUTE
    ../clib/stdio.c                          0x00000000   Number         0  fseek.o ABSOLUTE
    ../clib/stdio.c                          0x00000000   Number         0  ferror_locked.o ABSOLUTE
    ../clib/stdio.c                          0x00000000   Number         0  fopen_locked.o ABSOLUTE
    ../clib/stdio.c                          0x00000000   Number         0  setvbuf_locked.o ABSOLUTE
    ../clib/stdio.c                          0x00000000   Number         0  fclose.o ABSOLUTE
    ../clib/stdio.c                          0x00000000   Number         0  fopen.o ABSOLUTE
    ../clib/stdio.c                          0x00000000   Number         0  streamlock.o ABSOLUTE
    ../clib/stdio.c                          0x00000000   Number         0  setvbuf.o ABSOLUTE
    ../clib/stdio.c                          0x00000000   Number         0  flsbuf.o ABSOLUTE
    ../clib/stdio.c                          0x00000000   Number         0  initio_locked.o ABSOLUTE
    ../clib/stdio.c                          0x00000000   Number         0  fputc_locked.o ABSOLUTE
    ../clib/stdio.c                          0x00000000   Number         0  initio.o ABSOLUTE
    ../clib/stdio.c                          0x00000000   Number         0  fputc.o ABSOLUTE
    ../clib/stdio.c                          0x00000000   Number         0  ferror.o ABSOLUTE
    ../clib/stdio.c                          0x00000000   Number         0  stdio_streams.o ABSOLUTE
    ../clib/stdio.c                          0x00000000   Number         0  fflush_locked.o ABSOLUTE
    ../clib/stdio.c                          0x00000000   Number         0  fputs_locked.o ABSOLUTE
    ../clib/stdio.c                          0x00000000   Number         0  ftell.o ABSOLUTE
    ../clib/stdio.c                          0x00000000   Number         0  fputs.o ABSOLUTE
    ../clib/stdio.c                          0x00000000   Number         0  fflush.o ABSOLUTE
    ../clib/stdio.c                          0x00000000   Number         0  fwritefast_locked.o ABSOLUTE
    ../clib/stdio.c                          0x00000000   Number         0  fwritefast.o ABSOLUTE
    ../clib/stdio.c                          0x00000000   Number         0  stdio.o ABSOLUTE
    ../clib/stdlib.c                         0x00000000   Number         0  exit.o ABSOLUTE
    ../clib/string.c                         0x00000000   Number         0  strlen.o ABSOLUTE
    ../clib/wchar.c                          0x00000000   Number         0  flsbuf_fwide.o ABSOLUTE
    ../fplib/daddsub.s                       0x00000000   Number         0  daddsub_clz.o ABSOLUTE
    ../fplib/dcmpi.s                         0x00000000   Number         0  dcmpi.o ABSOLUTE
    ../fplib/ddiv.s                          0x00000000   Number         0  ddiv.o ABSOLUTE
    ../fplib/dflt.s                          0x00000000   Number         0  dflt_clz.o ABSOLUTE
    ../fplib/dleqf.s                         0x00000000   Number         0  dleqf.o ABSOLUTE
    ../fplib/dmul.s                          0x00000000   Number         0  dmul.o ABSOLUTE
    ../fplib/dnaninf.s                       0x00000000   Number         0  dnaninf.o ABSOLUTE
    ../fplib/dretinf.s                       0x00000000   Number         0  dretinf.o ABSOLUTE
    ../fplib/drleqf.s                        0x00000000   Number         0  drleqf.o ABSOLUTE
    ../fplib/faddsub.s                       0x00000000   Number         0  faddsub_clz.o ABSOLUTE
    ../fplib/fcmpi.s                         0x00000000   Number         0  fcmpi.o ABSOLUTE
    ../fplib/fdiv.s                          0x00000000   Number         0  fdiv.o ABSOLUTE
    ../fplib/ffix.s                          0x00000000   Number         0  ffix.o ABSOLUTE
    ../fplib/fflt.s                          0x00000000   Number         0  fflt_clz.o ABSOLUTE
    ../fplib/fleqf.s                         0x00000000   Number         0  fleqf.o ABSOLUTE
    ../fplib/fmul.s                          0x00000000   Number         0  fmul.o ABSOLUTE
    ../fplib/fnaninf.s                       0x00000000   Number         0  fnaninf.o ABSOLUTE
    ../fplib/fpinit.s                        0x00000000   Number         0  fpinit.o ABSOLUTE
    ../fplib/fretinf.s                       0x00000000   Number         0  fretinf.o ABSOLUTE
    ../fplib/frleqf.s                        0x00000000   Number         0  frleqf.o ABSOLUTE
    ../fplib/usenofp.s                       0x00000000   Number         0  usenofp.o ABSOLUTE
    ..\HK32F103\CMSIS\HK32F1xx\Source\ARM\startup_hk32f103xB.s 0x00000000   Number         0  startup_hk32f103xb.o ABSOLUTE
    ..\HK32F103\CMSIS\HK32F1xx\Source\system_hk32f10x.c 0x00000000   Number         0  system_hk32f10x.o ABSOLUTE
    ..\HK32F103\HK32F103X_lib\src\hk32f10x_adc.c 0x00000000   Number         0  hk32f10x_adc.o ABSOLUTE
    ..\HK32F103\HK32F103X_lib\src\hk32f10x_bkp.c 0x00000000   Number         0  hk32f10x_bkp.o ABSOLUTE
    ..\HK32F103\HK32F103X_lib\src\hk32f10x_can.c 0x00000000   Number         0  hk32f10x_can.o ABSOLUTE
    ..\HK32F103\HK32F103X_lib\src\hk32f10x_crc.c 0x00000000   Number         0  hk32f10x_crc.o ABSOLUTE
    ..\HK32F103\HK32F103X_lib\src\hk32f10x_dac.c 0x00000000   Number         0  hk32f10x_dac.o ABSOLUTE
    ..\HK32F103\HK32F103X_lib\src\hk32f10x_dbgmcu.c 0x00000000   Number         0  hk32f10x_dbgmcu.o ABSOLUTE
    ..\HK32F103\HK32F103X_lib\src\hk32f10x_dma.c 0x00000000   Number         0  hk32f10x_dma.o ABSOLUTE
    ..\HK32F103\HK32F103X_lib\src\hk32f10x_exti.c 0x00000000   Number         0  hk32f10x_exti.o ABSOLUTE
    ..\HK32F103\HK32F103X_lib\src\hk32f10x_flash.c 0x00000000   Number         0  hk32f10x_flash.o ABSOLUTE
    ..\HK32F103\HK32F103X_lib\src\hk32f10x_fsmc.c 0x00000000   Number         0  hk32f10x_fsmc.o ABSOLUTE
    ..\HK32F103\HK32F103X_lib\src\hk32f10x_gpio.c 0x00000000   Number         0  hk32f10x_gpio.o ABSOLUTE
    ..\HK32F103\HK32F103X_lib\src\hk32f10x_i2c.c 0x00000000   Number         0  hk32f10x_i2c.o ABSOLUTE
    ..\HK32F103\HK32F103X_lib\src\hk32f10x_iwdg.c 0x00000000   Number         0  hk32f10x_iwdg.o ABSOLUTE
    ..\HK32F103\HK32F103X_lib\src\hk32f10x_pwr.c 0x00000000   Number         0  hk32f10x_pwr.o ABSOLUTE
    ..\HK32F103\HK32F103X_lib\src\hk32f10x_rcc.c 0x00000000   Number         0  hk32f10x_rcc.o ABSOLUTE
    ..\HK32F103\HK32F103X_lib\src\hk32f10x_rtc.c 0x00000000   Number         0  hk32f10x_rtc.o ABSOLUTE
    ..\HK32F103\HK32F103X_lib\src\hk32f10x_sdio.c 0x00000000   Number         0  hk32f10x_sdio.o ABSOLUTE
    ..\HK32F103\HK32F103X_lib\src\hk32f10x_spi.c 0x00000000   Number         0  hk32f10x_spi.o ABSOLUTE
    ..\HK32F103\HK32F103X_lib\src\hk32f10x_tim.c 0x00000000   Number         0  hk32f10x_tim.o ABSOLUTE
    ..\HK32F103\HK32F103X_lib\src\hk32f10x_usart.c 0x00000000   Number         0  hk32f10x_usart.o ABSOLUTE
    ..\HK32F103\HK32F103X_lib\src\hk32f10x_wwdg.c 0x00000000   Number         0  hk32f10x_wwdg.o ABSOLUTE
    ..\HK32F103\HK32F103X_lib\src\misc.c     0x00000000   Number         0  misc.o ABSOLUTE
    ..\HK32F103\HK32F103X_lib\templates\hk32f10x_it.c 0x00000000   Number         0  hk32f10x_it.o ABSOLUTE
    ..\HK32F103_project\src\main.c           0x00000000   Number         0  main.o ABSOLUTE
    ..\mcu_sdk\mcu_api.c                     0x00000000   Number         0  mcu_api.o ABSOLUTE
    ..\mcu_sdk\protocol.c                    0x00000000   Number         0  protocol.o ABSOLUTE
    ..\mcu_sdk\system.c                      0x00000000   Number         0  system.o ABSOLUTE
    ..\package\I2C\i2c.c                     0x00000000   Number         0  i2c.o ABSOLUTE
    ..\package\OLED\oled.c                   0x00000000   Number         0  oled.o ABSOLUTE
    ..\package\SHT30\sht30.c                 0x00000000   Number         0  sht30.o ABSOLUTE
    ..\package\SYS\sys.c                     0x00000000   Number         0  sys.o ABSOLUTE
    ..\package\WS2812\ws2812.c               0x00000000   Number         0  ws2812.o ABSOLUTE
    ..\package\delay\delay.c                 0x00000000   Number         0  delay.o ABSOLUTE
    ..\package\usart\usart.c                 0x00000000   Number         0  usart.o ABSOLUTE
    dc.s                                     0x00000000   Number         0  dc.o ABSOLUTE
    RESET                                    0x08000000   Section      236  startup_hk32f103xb.o(RESET)
    !!!main                                  0x080000ec   Section        8  __main.o(!!!main)
    !!!scatter                               0x080000f4   Section       52  __scatter.o(!!!scatter)
    !!dczerorl2                              0x08000128   Section       90  __dczerorl2.o(!!dczerorl2)
    !!handler_zi                             0x08000184   Section       28  __scatter_zi.o(!!handler_zi)
    .ARM.Collect$$libinit$$00000000          0x080001a0   Section        2  libinit.o(.ARM.Collect$$libinit$$00000000)
    .ARM.Collect$$libinit$$00000002          0x080001a2   Section        0  libinit2.o(.ARM.Collect$$libinit$$00000002)
    .ARM.Collect$$libinit$$00000004          0x080001a2   Section        0  libinit2.o(.ARM.Collect$$libinit$$00000004)
    .ARM.Collect$$libinit$$0000000A          0x080001a2   Section        0  libinit2.o(.ARM.Collect$$libinit$$0000000A)
    .ARM.Collect$$libinit$$0000000C          0x080001a2   Section        0  libinit2.o(.ARM.Collect$$libinit$$0000000C)
    .ARM.Collect$$libinit$$0000000E          0x080001a2   Section        0  libinit2.o(.ARM.Collect$$libinit$$0000000E)
    .ARM.Collect$$libinit$$00000011          0x080001a2   Section        0  libinit2.o(.ARM.Collect$$libinit$$00000011)
    .ARM.Collect$$libinit$$00000013          0x080001a2   Section        0  libinit2.o(.ARM.Collect$$libinit$$00000013)
    .ARM.Collect$$libinit$$00000015          0x080001a2   Section        0  libinit2.o(.ARM.Collect$$libinit$$00000015)
    .ARM.Collect$$libinit$$00000017          0x080001a2   Section        0  libinit2.o(.ARM.Collect$$libinit$$00000017)
    .ARM.Collect$$libinit$$00000019          0x080001a2   Section        0  libinit2.o(.ARM.Collect$$libinit$$00000019)
    .ARM.Collect$$libinit$$0000001B          0x080001a2   Section        0  libinit2.o(.ARM.Collect$$libinit$$0000001B)
    .ARM.Collect$$libinit$$0000001D          0x080001a2   Section        0  libinit2.o(.ARM.Collect$$libinit$$0000001D)
    .ARM.Collect$$libinit$$0000001F          0x080001a2   Section        0  libinit2.o(.ARM.Collect$$libinit$$0000001F)
    .ARM.Collect$$libinit$$00000021          0x080001a2   Section        0  libinit2.o(.ARM.Collect$$libinit$$00000021)
    .ARM.Collect$$libinit$$00000023          0x080001a2   Section        0  libinit2.o(.ARM.Collect$$libinit$$00000023)
    .ARM.Collect$$libinit$$00000025          0x080001a2   Section        0  libinit2.o(.ARM.Collect$$libinit$$00000025)
    .ARM.Collect$$libinit$$0000002C          0x080001a2   Section        0  libinit2.o(.ARM.Collect$$libinit$$0000002C)
    .ARM.Collect$$libinit$$0000002E          0x080001a2   Section        0  libinit2.o(.ARM.Collect$$libinit$$0000002E)
    .ARM.Collect$$libinit$$00000030          0x080001a2   Section        0  libinit2.o(.ARM.Collect$$libinit$$00000030)
    .ARM.Collect$$libinit$$00000032          0x080001a2   Section        0  libinit2.o(.ARM.Collect$$libinit$$00000032)
    .ARM.Collect$$libinit$$00000033          0x080001a2   Section        2  libinit2.o(.ARM.Collect$$libinit$$00000033)
    .ARM.Collect$$libshutdown$$00000000      0x080001a4   Section        2  libshutdown.o(.ARM.Collect$$libshutdown$$00000000)
    .ARM.Collect$$libshutdown$$00000002      0x080001a6   Section        0  libshutdown2.o(.ARM.Collect$$libshutdown$$00000002)
    .ARM.Collect$$libshutdown$$00000004      0x080001a6   Section        0  libshutdown2.o(.ARM.Collect$$libshutdown$$00000004)
    .ARM.Collect$$libshutdown$$00000006      0x080001a6   Section        0  libshutdown2.o(.ARM.Collect$$libshutdown$$00000006)
    .ARM.Collect$$libshutdown$$00000009      0x080001a6   Section        0  libshutdown2.o(.ARM.Collect$$libshutdown$$00000009)
    .ARM.Collect$$libshutdown$$0000000C      0x080001a6   Section        0  libshutdown2.o(.ARM.Collect$$libshutdown$$0000000C)
    .ARM.Collect$$libshutdown$$0000000E      0x080001a6   Section        0  libshutdown2.o(.ARM.Collect$$libshutdown$$0000000E)
    .ARM.Collect$$libshutdown$$00000011      0x080001a6   Section        0  libshutdown2.o(.ARM.Collect$$libshutdown$$00000011)
    .ARM.Collect$$libshutdown$$00000012      0x080001a6   Section        2  libshutdown2.o(.ARM.Collect$$libshutdown$$00000012)
    .ARM.Collect$$rtentry$$00000000          0x080001a8   Section        0  __rtentry.o(.ARM.Collect$$rtentry$$00000000)
    .ARM.Collect$$rtentry$$00000002          0x080001a8   Section        0  __rtentry2.o(.ARM.Collect$$rtentry$$00000002)
    .ARM.Collect$$rtentry$$00000004          0x080001a8   Section        6  __rtentry4.o(.ARM.Collect$$rtentry$$00000004)
    .ARM.Collect$$rtentry$$00000009          0x080001ae   Section        0  __rtentry2.o(.ARM.Collect$$rtentry$$00000009)
    .ARM.Collect$$rtentry$$0000000A          0x080001ae   Section        4  __rtentry2.o(.ARM.Collect$$rtentry$$0000000A)
    .ARM.Collect$$rtentry$$0000000C          0x080001b2   Section        0  __rtentry2.o(.ARM.Collect$$rtentry$$0000000C)
    .ARM.Collect$$rtentry$$0000000D          0x080001b2   Section        8  __rtentry2.o(.ARM.Collect$$rtentry$$0000000D)
    .ARM.Collect$$rtexit$$00000000           0x080001ba   Section        2  rtexit.o(.ARM.Collect$$rtexit$$00000000)
    .ARM.Collect$$rtexit$$00000002           0x080001bc   Section        0  rtexit2.o(.ARM.Collect$$rtexit$$00000002)
    .ARM.Collect$$rtexit$$00000003           0x080001bc   Section        4  rtexit2.o(.ARM.Collect$$rtexit$$00000003)
    .ARM.Collect$$rtexit$$00000004           0x080001c0   Section        6  rtexit2.o(.ARM.Collect$$rtexit$$00000004)
    .text                                    0x080001c8   Section       64  startup_hk32f103xb.o(.text)
    .text                                    0x08000208   Section        0  heapauxi.o(.text)
    .text                                    0x0800020e   Section       74  sys_stackheap_outer.o(.text)
    .text                                    0x08000258   Section        0  exit.o(.text)
    .text                                    0x0800026c   Section        8  libspace.o(.text)
    .text                                    0x08000274   Section        2  use_no_semi.o(.text)
    .text                                    0x08000276   Section        0  indicate_semi.o(.text)
    .text                                    0x08000278   Section        0  sys_exit.o(.text)
    i.BusFault_Handler                       0x08000284   Section        0  hk32f10x_it.o(i.BusFault_Handler)
    i.DebugMon_Handler                       0x08000288   Section        0  hk32f10x_it.o(i.DebugMon_Handler)
    i.GPIO_Init                              0x0800028a   Section        0  hk32f10x_gpio.o(i.GPIO_Init)
    i.GPIO_ResetBits                         0x080003a0   Section        0  hk32f10x_gpio.o(i.GPIO_ResetBits)
    i.GPIO_SetBits                           0x080003a4   Section        0  hk32f10x_gpio.o(i.GPIO_SetBits)
    i.HardFault_Handler                      0x080003a8   Section        0  hk32f10x_it.o(i.HardFault_Handler)
    i.MemManage_Handler                      0x080003ac   Section        0  hk32f10x_it.o(i.MemManage_Handler)
    i.NMI_Handler                            0x080003b0   Section        0  hk32f10x_it.o(i.NMI_Handler)
    i.NVIC_Configuration                     0x080003b2   Section        0  sys.o(i.NVIC_Configuration)
    i.NVIC_Init                              0x080003c0   Section        0  misc.o(i.NVIC_Init)
    i.NVIC_PriorityGroupConfig               0x08000430   Section        0  misc.o(i.NVIC_PriorityGroupConfig)
    i.OLED_Show                              0x08000444   Section        0  main.o(i.OLED_Show)
    i.PendSV_Handler                         0x08000508   Section        0  hk32f10x_it.o(i.PendSV_Handler)
    i.RCC_APB1PeriphClockCmd                 0x0800050c   Section        0  hk32f10x_rcc.o(i.RCC_APB1PeriphClockCmd)
    i.RCC_APB2PeriphClockCmd                 0x0800052c   Section        0  hk32f10x_rcc.o(i.RCC_APB2PeriphClockCmd)
    i.RCC_GetClocksFreq                      0x0800054c   Section        0  hk32f10x_rcc.o(i.RCC_GetClocksFreq)
    i.RGB_LED_Init                           0x08000620   Section        0  ws2812.o(i.RGB_LED_Init)
    i.SVC_Handler                            0x08000658   Section        0  hk32f10x_it.o(i.SVC_Handler)
    i.SetSysClock                            0x0800065a   Section        0  system_hk32f10x.o(i.SetSysClock)
    SetSysClock                              0x0800065b   Thumb Code     8  system_hk32f10x.o(i.SetSysClock)
    i.SetSysClockToHSI64                     0x08000664   Section        0  system_hk32f10x.o(i.SetSysClockToHSI64)
    SetSysClockToHSI64                       0x08000665   Thumb Code   216  system_hk32f10x.o(i.SetSysClockToHSI64)
    i.SysTick_CLKSourceConfig                0x08000744   Section        0  misc.o(i.SysTick_CLKSourceConfig)
    i.SysTick_Handler                        0x0800076c   Section        0  hk32f10x_it.o(i.SysTick_Handler)
    i.SystemInit                             0x08000770   Section        0  system_hk32f10x.o(i.SystemInit)
    i.USART3_IRQHandler                      0x080007d0   Section        0  usart.o(i.USART3_IRQHandler)
    i.USART3_Init                            0x080007f4   Section        0  usart.o(i.USART3_Init)
    i.USART3_SendByte                        0x08000888   Section        0  usart.o(i.USART3_SendByte)
    i.USART_Cmd                              0x080008a8   Section        0  hk32f10x_usart.o(i.USART_Cmd)
    i.USART_GetFlagStatus                    0x080008c0   Section        0  hk32f10x_usart.o(i.USART_GetFlagStatus)
    i.USART_ITConfig                         0x080008da   Section        0  hk32f10x_usart.o(i.USART_ITConfig)
    i.USART_Init                             0x08000924   Section        0  hk32f10x_usart.o(i.USART_Init)
    i.USART_ReceiveData                      0x080009fc   Section        0  hk32f10x_usart.o(i.USART_ReceiveData)
    i.UsageFault_Handler                     0x08000a06   Section        0  hk32f10x_it.o(i.UsageFault_Handler)
    i.all_data_update                        0x08000a0a   Section        0  protocol.o(i.all_data_update)
    i.byte_to_int                            0x08000a0c   Section        0  mcu_api.o(i.byte_to_int)
    i.data_handle                            0x08000a28   Section        0  system.o(i.data_handle)
    i.data_point_handle                      0x08000b0c   Section        0  system.o(i.data_point_handle)
    data_point_handle                        0x08000b0d   Thumb Code    70  system.o(i.data_point_handle)
    i.delay_init                             0x08000b58   Section        0  delay.o(i.delay_init)
    i.delay_ms                               0x08000b98   Section        0  delay.o(i.delay_ms)
    i.dp_download_export_calibrate_handle    0x08000be8   Section        0  protocol.o(i.dp_download_export_calibrate_handle)
    dp_download_export_calibrate_handle      0x08000be9   Thumb Code    40  protocol.o(i.dp_download_export_calibrate_handle)
    i.dp_download_factory_reset_handle       0x08000c10   Section        0  protocol.o(i.dp_download_factory_reset_handle)
    dp_download_factory_reset_handle         0x08000c11   Thumb Code    40  protocol.o(i.dp_download_factory_reset_handle)
    i.dp_download_handle                     0x08000c38   Section        0  protocol.o(i.dp_download_handle)
    i.dp_download_light_handle               0x08000cee   Section        0  protocol.o(i.dp_download_light_handle)
    dp_download_light_handle                 0x08000cef   Thumb Code    40  protocol.o(i.dp_download_light_handle)
    i.dp_download_manual_feed_handle         0x08000d16   Section        0  protocol.o(i.dp_download_manual_feed_handle)
    dp_download_manual_feed_handle           0x08000d17   Thumb Code    40  protocol.o(i.dp_download_manual_feed_handle)
    i.dp_download_meal_plan_handle           0x08000d3e   Section        0  protocol.o(i.dp_download_meal_plan_handle)
    dp_download_meal_plan_handle             0x08000d3f   Thumb Code    28  protocol.o(i.dp_download_meal_plan_handle)
    i.dp_download_quick_feed_handle          0x08000d5a   Section        0  protocol.o(i.dp_download_quick_feed_handle)
    dp_download_quick_feed_handle            0x08000d5b   Thumb Code    40  protocol.o(i.dp_download_quick_feed_handle)
    i.dp_download_slow_feed_handle           0x08000d82   Section        0  protocol.o(i.dp_download_slow_feed_handle)
    dp_download_slow_feed_handle             0x08000d83   Thumb Code    40  protocol.o(i.dp_download_slow_feed_handle)
    i.dp_download_switch_handle              0x08000daa   Section        0  protocol.o(i.dp_download_switch_handle)
    dp_download_switch_handle                0x08000dab   Thumb Code    40  protocol.o(i.dp_download_switch_handle)
    i.dp_download_unit_handle                0x08000dd2   Section        0  protocol.o(i.dp_download_unit_handle)
    dp_download_unit_handle                  0x08000dd3   Thumb Code    62  protocol.o(i.dp_download_unit_handle)
    i.dp_download_voice_times_handle         0x08000e10   Section        0  protocol.o(i.dp_download_voice_times_handle)
    dp_download_voice_times_handle           0x08000e11   Thumb Code    40  protocol.o(i.dp_download_voice_times_handle)
    i.dp_download_weight_calibrate_handle    0x08000e38   Section        0  protocol.o(i.dp_download_weight_calibrate_handle)
    dp_download_weight_calibrate_handle      0x08000e39   Thumb Code    40  protocol.o(i.dp_download_weight_calibrate_handle)
    i.get_check_sum                          0x08000e60   Section        0  system.o(i.get_check_sum)
    i.get_dowmload_dpid_index                0x08000e7c   Section        0  system.o(i.get_dowmload_dpid_index)
    get_dowmload_dpid_index                  0x08000e7d   Thumb Code    40  system.o(i.get_dowmload_dpid_index)
    i.get_download_cmd_total                 0x08000ea8   Section        0  protocol.o(i.get_download_cmd_total)
    i.get_mcu_wifi_mode                      0x08000eac   Section        0  system.o(i.get_mcu_wifi_mode)
    get_mcu_wifi_mode                        0x08000ead   Thumb Code    16  system.o(i.get_mcu_wifi_mode)
    i.heat_beat_check                        0x08000ebc   Section        0  system.o(i.heat_beat_check)
    heat_beat_check                          0x08000ebd   Thumb Code    50  system.o(i.heat_beat_check)
    i.i2c_start                              0x08000ef4   Section        0  oled.o(i.i2c_start)
    i2c_start                                0x08000ef5   Thumb Code    44  oled.o(i.i2c_start)
    i.i2c_stop                               0x08000f24   Section        0  oled.o(i.i2c_stop)
    i2c_stop                                 0x08000f25   Thumb Code    34  oled.o(i.i2c_stop)
    i.i2c_wait_ack                           0x08000f4c   Section        0  oled.o(i.i2c_wait_ack)
    i2c_wait_ack                             0x08000f4d   Thumb Code    24  oled.o(i.i2c_wait_ack)
    i.main                                   0x08000f68   Section        0  main.o(i.main)
    i.mcu_dp_bool_update                     0x08000fc8   Section        0  mcu_api.o(i.mcu_dp_bool_update)
    i.mcu_dp_enum_update                     0x0800102c   Section        0  mcu_api.o(i.mcu_dp_enum_update)
    i.mcu_dp_raw_update                      0x08001084   Section        0  mcu_api.o(i.mcu_dp_raw_update)
    i.mcu_dp_value_update                    0x080010f8   Section        0  mcu_api.o(i.mcu_dp_value_update)
    i.mcu_get_dp_download_bool               0x08001170   Section        0  mcu_api.o(i.mcu_get_dp_download_bool)
    i.mcu_get_dp_download_enum               0x08001176   Section        0  mcu_api.o(i.mcu_get_dp_download_enum)
    i.mcu_get_dp_download_value              0x0800117c   Section        0  mcu_api.o(i.mcu_get_dp_download_value)
    i.mcu_get_wifi_work_state                0x0800118c   Section        0  mcu_api.o(i.mcu_get_wifi_work_state)
    i.mcu_set_wifi_mode                      0x08001198   Section        0  mcu_api.o(i.mcu_set_wifi_mode)
    i.my_memcpy                              0x080011c0   Section        0  mcu_api.o(i.my_memcpy)
    i.my_strlen                              0x08001204   Section        0  mcu_api.o(i.my_strlen)
    i.oled_display_on                        0x08001220   Section        0  oled.o(i.oled_display_on)
    i.oled_init                              0x0800123c   Section        0  oled.o(i.oled_init)
    i.oled_pow                               0x08001348   Section        0  oled.o(i.oled_pow)
    i.oled_set_pos                           0x0800135e   Section        0  oled.o(i.oled_set_pos)
    i.oled_show_char                         0x08001388   Section        0  oled.o(i.oled_show_char)
    i.oled_show_chinese                      0x0800142c   Section        0  oled.o(i.oled_show_chinese)
    i.oled_show_number                       0x08001494   Section        0  oled.o(i.oled_show_number)
    i.oled_user_clear                        0x0800151c   Section        0  oled.o(i.oled_user_clear)
    i.oled_write_byte                        0x0800155a   Section        0  oled.o(i.oled_write_byte)
    oled_write_byte                          0x0800155b   Thumb Code    56  oled.o(i.oled_write_byte)
    i.product_info_update                    0x08001594   Section        0  system.o(i.product_info_update)
    product_info_update                      0x08001595   Thumb Code   164  system.o(i.product_info_update)
    i.set_wifi_uart_buffer                   0x08001674   Section        0  system.o(i.set_wifi_uart_buffer)
    i.set_wifi_uart_byte                     0x0800169c   Section        0  system.o(i.set_wifi_uart_byte)
    i.take_byte_rxbuff                       0x080016ac   Section        0  system.o(i.take_byte_rxbuff)
    i.uart_receive_input                     0x080016e8   Section        0  mcu_api.o(i.uart_receive_input)
    i.uart_transmit_output                   0x08001740   Section        0  protocol.o(i.uart_transmit_output)
    i.wifi_protocol_init                     0x0800174c   Section        0  mcu_api.o(i.wifi_protocol_init)
    i.wifi_test_result                       0x08001778   Section        0  protocol.o(i.wifi_test_result)
    i.wifi_uart_service                      0x08001780   Section        0  mcu_api.o(i.wifi_uart_service)
    i.wifi_uart_write_data                   0x08001878   Section        0  system.o(i.wifi_uart_write_data)
    wifi_uart_write_data                     0x08001879   Thumb Code    36  system.o(i.wifi_uart_write_data)
    i.wifi_uart_write_frame                  0x0800189c   Section        0  system.o(i.wifi_uart_write_frame)
    i.with_data_rxbuff                       0x080018e4   Section        0  system.o(i.with_data_rxbuff)
    i.write_i2c_byte                         0x08001900   Section        0  oled.o(i.write_i2c_byte)
    write_i2c_byte                           0x08001901   Thumb Code    88  oled.o(i.write_i2c_byte)
    .constdata                               0x0800195c   Section     2072  oled.o(.constdata)
    .constdata                               0x08002174   Section       40  protocol.o(.constdata)
    .data                                    0x20000000   Section       20  system_hk32f10x.o(.data)
    .data                                    0x20000014   Section       20  hk32f10x_rcc.o(.data)
    APBAHBPrescTable                         0x20000014   Data          16  hk32f10x_rcc.o(.data)
    ADCPrescTable                            0x20000024   Data           4  hk32f10x_rcc.o(.data)
    .data                                    0x20000028   Section        4  delay.o(.data)
    fac_us                                   0x20000028   Data           1  delay.o(.data)
    fac_ms                                   0x2000002a   Data           2  delay.o(.data)
    .data                                    0x2000002c   Section      448  oled.o(.data)
    .data                                    0x200001ec   Section        2  mcu_api.o(.data)
    rx_in                                    0x200001ec   Data           2  mcu_api.o(.data)
    .data                                    0x200001f0   Section       13  system.o(.data)
    mcu_reset_state                          0x200001fc   Data           1  system.o(.data)
    .bss                                     0x20000200   Section      109  system.o(.bss)
    .bss                                     0x20000270   Section       96  libspace.o(.bss)
    HEAP                                     0x200002d0   Section      512  startup_hk32f103xb.o(HEAP)
    Heap_Mem                                 0x200002d0   Data         512  startup_hk32f103xb.o(HEAP)
    STACK                                    0x200004d0   Section     1024  startup_hk32f103xb.o(STACK)
    Stack_Mem                                0x200004d0   Data        1024  startup_hk32f103xb.o(STACK)
    __initial_sp                             0x200008d0   Data           0  startup_hk32f103xb.o(STACK)

    Global Symbols

    Symbol Name                              Value     Ov Type        Size  Object(Section)

    BuildAttributes$$THM_ISAv4$P$D$K$B$S$PE$A:L22UL41UL21$X:L11$S22US41US21$IEEE1$IW$USESV6$~STKCKD$USESV7$~SHL$OTIME$ROPI$EBA8$UX$STANDARDLIB$REQ8$PRES8$EABIv2 0x00000000   Number         0  anon$$obj.o ABSOLUTE
    __ARM_use_no_argv                        0x00000000   Number         0  main.o ABSOLUTE
    __ARM_exceptions_init                     - Undefined Weak Reference
    __alloca_initialize                       - Undefined Weak Reference
    __arm_fini_                               - Undefined Weak Reference
    __arm_preinit_                            - Undefined Weak Reference
    __cpp_initialize__aeabi_                  - Undefined Weak Reference
    __cxa_finalize                            - Undefined Weak Reference
    __rt_locale                               - Undefined Weak Reference
    __sigvec_lookup                           - Undefined Weak Reference
    __user_heap_extent                        - Undefined Weak Reference
    _atexit_init                              - Undefined Weak Reference
    _call_atexit_fns                          - Undefined Weak Reference
    _clock_init                               - Undefined Weak Reference
    _fp_trap_init                             - Undefined Weak Reference
    _fp_trap_shutdown                         - Undefined Weak Reference
    _get_lc_collate                           - Undefined Weak Reference
    _get_lc_ctype                             - Undefined Weak Reference
    _get_lc_monetary                          - Undefined Weak Reference
    _get_lc_numeric                           - Undefined Weak Reference
    _get_lc_time                              - Undefined Weak Reference
    _getenv_init                              - Undefined Weak Reference
    _handle_redirection                       - Undefined Weak Reference
    _mutex_acquire                            - Undefined Weak Reference
    _mutex_free                               - Undefined Weak Reference
    _mutex_release                            - Undefined Weak Reference
    _printf_post_padding                      - Undefined Weak Reference
    _printf_pre_padding                       - Undefined Weak Reference
    _printf_truncate_unsigned                 - Undefined Weak Reference
    _rand_init                                - Undefined Weak Reference
    _signal_finish                            - Undefined Weak Reference
    _signal_init                              - Undefined Weak Reference
    __Vectors_Size                           0x000000ec   Number         0  startup_hk32f103xb.o ABSOLUTE
    __Vectors                                0x08000000   Data           4  startup_hk32f103xb.o(RESET)
    __Vectors_End                            0x080000ec   Data           0  startup_hk32f103xb.o(RESET)
    __main                                   0x080000ed   Thumb Code     8  __main.o(!!!main)
    __scatterload                            0x080000f5   Thumb Code     0  __scatter.o(!!!scatter)
    __scatterload_rt2                        0x080000f5   Thumb Code    44  __scatter.o(!!!scatter)
    __scatterload_rt2_thumb_only             0x080000f5   Thumb Code     0  __scatter.o(!!!scatter)
    __scatterload_null                       0x08000103   Thumb Code     0  __scatter.o(!!!scatter)
    __decompress                             0x08000129   Thumb Code    90  __dczerorl2.o(!!dczerorl2)
    __decompress1                            0x08000129   Thumb Code     0  __dczerorl2.o(!!dczerorl2)
    __scatterload_zeroinit                   0x08000185   Thumb Code    28  __scatter_zi.o(!!handler_zi)
    __rt_lib_init                            0x080001a1   Thumb Code     0  libinit.o(.ARM.Collect$$libinit$$00000000)
    __rt_lib_init_alloca_1                   0x080001a3   Thumb Code     0  libinit2.o(.ARM.Collect$$libinit$$0000002E)
    __rt_lib_init_argv_1                     0x080001a3   Thumb Code     0  libinit2.o(.ARM.Collect$$libinit$$0000002C)
    __rt_lib_init_atexit_1                   0x080001a3   Thumb Code     0  libinit2.o(.ARM.Collect$$libinit$$0000001B)
    __rt_lib_init_clock_1                    0x080001a3   Thumb Code     0  libinit2.o(.ARM.Collect$$libinit$$00000021)
    __rt_lib_init_cpp_1                      0x080001a3   Thumb Code     0  libinit2.o(.ARM.Collect$$libinit$$00000032)
    __rt_lib_init_exceptions_1               0x080001a3   Thumb Code     0  libinit2.o(.ARM.Collect$$libinit$$00000030)
    __rt_lib_init_fp_1                       0x080001a3   Thumb Code     0  libinit2.o(.ARM.Collect$$libinit$$00000002)
    __rt_lib_init_fp_trap_1                  0x080001a3   Thumb Code     0  libinit2.o(.ARM.Collect$$libinit$$0000001F)
    __rt_lib_init_getenv_1                   0x080001a3   Thumb Code     0  libinit2.o(.ARM.Collect$$libinit$$00000023)
    __rt_lib_init_heap_1                     0x080001a3   Thumb Code     0  libinit2.o(.ARM.Collect$$libinit$$0000000A)
    __rt_lib_init_lc_collate_1               0x080001a3   Thumb Code     0  libinit2.o(.ARM.Collect$$libinit$$00000011)
    __rt_lib_init_lc_ctype_1                 0x080001a3   Thumb Code     0  libinit2.o(.ARM.Collect$$libinit$$00000013)
    __rt_lib_init_lc_monetary_1              0x080001a3   Thumb Code     0  libinit2.o(.ARM.Collect$$libinit$$00000015)
    __rt_lib_init_lc_numeric_1               0x080001a3   Thumb Code     0  libinit2.o(.ARM.Collect$$libinit$$00000017)
    __rt_lib_init_lc_time_1                  0x080001a3   Thumb Code     0  libinit2.o(.ARM.Collect$$libinit$$00000019)
    __rt_lib_init_preinit_1                  0x080001a3   Thumb Code     0  libinit2.o(.ARM.Collect$$libinit$$00000004)
    __rt_lib_init_rand_1                     0x080001a3   Thumb Code     0  libinit2.o(.ARM.Collect$$libinit$$0000000E)
    __rt_lib_init_return                     0x080001a3   Thumb Code     0  libinit2.o(.ARM.Collect$$libinit$$00000033)
    __rt_lib_init_signal_1                   0x080001a3   Thumb Code     0  libinit2.o(.ARM.Collect$$libinit$$0000001D)
    __rt_lib_init_stdio_1                    0x080001a3   Thumb Code     0  libinit2.o(.ARM.Collect$$libinit$$00000025)
    __rt_lib_init_user_alloc_1               0x080001a3   Thumb Code     0  libinit2.o(.ARM.Collect$$libinit$$0000000C)
    __rt_lib_shutdown                        0x080001a5   Thumb Code     0  libshutdown.o(.ARM.Collect$$libshutdown$$00000000)
    __rt_lib_shutdown_cpp_1                  0x080001a7   Thumb Code     0  libshutdown2.o(.ARM.Collect$$libshutdown$$00000004)
    __rt_lib_shutdown_fini_1                 0x080001a7   Thumb Code     0  libshutdown2.o(.ARM.Collect$$libshutdown$$00000002)
    __rt_lib_shutdown_fp_trap_1              0x080001a7   Thumb Code     0  libshutdown2.o(.ARM.Collect$$libshutdown$$00000009)
    __rt_lib_shutdown_heap_1                 0x080001a7   Thumb Code     0  libshutdown2.o(.ARM.Collect$$libshutdown$$00000011)
    __rt_lib_shutdown_return                 0x080001a7   Thumb Code     0  libshutdown2.o(.ARM.Collect$$libshutdown$$00000012)
    __rt_lib_shutdown_signal_1               0x080001a7   Thumb Code     0  libshutdown2.o(.ARM.Collect$$libshutdown$$0000000C)
    __rt_lib_shutdown_stdio_1                0x080001a7   Thumb Code     0  libshutdown2.o(.ARM.Collect$$libshutdown$$00000006)
    __rt_lib_shutdown_user_alloc_1           0x080001a7   Thumb Code     0  libshutdown2.o(.ARM.Collect$$libshutdown$$0000000E)
    __rt_entry                               0x080001a9   Thumb Code     0  __rtentry.o(.ARM.Collect$$rtentry$$00000000)
    __rt_entry_presh_1                       0x080001a9   Thumb Code     0  __rtentry2.o(.ARM.Collect$$rtentry$$00000002)
    __rt_entry_sh                            0x080001a9   Thumb Code     0  __rtentry4.o(.ARM.Collect$$rtentry$$00000004)
    __rt_entry_li                            0x080001af   Thumb Code     0  __rtentry2.o(.ARM.Collect$$rtentry$$0000000A)
    __rt_entry_postsh_1                      0x080001af   Thumb Code     0  __rtentry2.o(.ARM.Collect$$rtentry$$00000009)
    __rt_entry_main                          0x080001b3   Thumb Code     0  __rtentry2.o(.ARM.Collect$$rtentry$$0000000D)
    __rt_entry_postli_1                      0x080001b3   Thumb Code     0  __rtentry2.o(.ARM.Collect$$rtentry$$0000000C)
    __rt_exit                                0x080001bb   Thumb Code     0  rtexit.o(.ARM.Collect$$rtexit$$00000000)
    __rt_exit_ls                             0x080001bd   Thumb Code     0  rtexit2.o(.ARM.Collect$$rtexit$$00000003)
    __rt_exit_prels_1                        0x080001bd   Thumb Code     0  rtexit2.o(.ARM.Collect$$rtexit$$00000002)
    __rt_exit_exit                           0x080001c1   Thumb Code     0  rtexit2.o(.ARM.Collect$$rtexit$$00000004)
    Reset_Handler                            0x080001c9   Thumb Code     8  startup_hk32f103xb.o(.text)
    ADC1_2_IRQHandler                        0x080001e3   Thumb Code     0  startup_hk32f103xb.o(.text)
    CAN1_RX1_IRQHandler                      0x080001e3   Thumb Code     0  startup_hk32f103xb.o(.text)
    CAN1_SCE_IRQHandler                      0x080001e3   Thumb Code     0  startup_hk32f103xb.o(.text)
    DMA1_Channel1_IRQHandler                 0x080001e3   Thumb Code     0  startup_hk32f103xb.o(.text)
    DMA1_Channel2_IRQHandler                 0x080001e3   Thumb Code     0  startup_hk32f103xb.o(.text)
    DMA1_Channel3_IRQHandler                 0x080001e3   Thumb Code     0  startup_hk32f103xb.o(.text)
    DMA1_Channel4_IRQHandler                 0x080001e3   Thumb Code     0  startup_hk32f103xb.o(.text)
    DMA1_Channel5_IRQHandler                 0x080001e3   Thumb Code     0  startup_hk32f103xb.o(.text)
    DMA1_Channel6_IRQHandler                 0x080001e3   Thumb Code     0  startup_hk32f103xb.o(.text)
    DMA1_Channel7_IRQHandler                 0x080001e3   Thumb Code     0  startup_hk32f103xb.o(.text)
    EXTI0_IRQHandler                         0x080001e3   Thumb Code     0  startup_hk32f103xb.o(.text)
    EXTI15_10_IRQHandler                     0x080001e3   Thumb Code     0  startup_hk32f103xb.o(.text)
    EXTI1_IRQHandler                         0x080001e3   Thumb Code     0  startup_hk32f103xb.o(.text)
    EXTI2_IRQHandler                         0x080001e3   Thumb Code     0  startup_hk32f103xb.o(.text)
    EXTI3_IRQHandler                         0x080001e3   Thumb Code     0  startup_hk32f103xb.o(.text)
    EXTI4_IRQHandler                         0x080001e3   Thumb Code     0  startup_hk32f103xb.o(.text)
    EXTI9_5_IRQHandler                       0x080001e3   Thumb Code     0  startup_hk32f103xb.o(.text)
    FLASH_IRQHandler                         0x080001e3   Thumb Code     0  startup_hk32f103xb.o(.text)
    I2C1_ER_IRQHandler                       0x080001e3   Thumb Code     0  startup_hk32f103xb.o(.text)
    I2C1_EV_IRQHandler                       0x080001e3   Thumb Code     0  startup_hk32f103xb.o(.text)
    I2C2_ER_IRQHandler                       0x080001e3   Thumb Code     0  startup_hk32f103xb.o(.text)
    I2C2_EV_IRQHandler                       0x080001e3   Thumb Code     0  startup_hk32f103xb.o(.text)
    PVD_IRQHandler                           0x080001e3   Thumb Code     0  startup_hk32f103xb.o(.text)
    RCC_IRQHandler                           0x080001e3   Thumb Code     0  startup_hk32f103xb.o(.text)
    RTC_Alarm_IRQHandler                     0x080001e3   Thumb Code     0  startup_hk32f103xb.o(.text)
    RTC_IRQHandler                           0x080001e3   Thumb Code     0  startup_hk32f103xb.o(.text)
    SPI1_IRQHandler                          0x080001e3   Thumb Code     0  startup_hk32f103xb.o(.text)
    SPI2_IRQHandler                          0x080001e3   Thumb Code     0  startup_hk32f103xb.o(.text)
    TAMPER_IRQHandler                        0x080001e3   Thumb Code     0  startup_hk32f103xb.o(.text)
    TIM1_BRK_IRQHandler                      0x080001e3   Thumb Code     0  startup_hk32f103xb.o(.text)
    TIM1_CC_IRQHandler                       0x080001e3   Thumb Code     0  startup_hk32f103xb.o(.text)
    TIM1_TRG_COM_IRQHandler                  0x080001e3   Thumb Code     0  startup_hk32f103xb.o(.text)
    TIM1_UP_IRQHandler                       0x080001e3   Thumb Code     0  startup_hk32f103xb.o(.text)
    TIM2_IRQHandler                          0x080001e3   Thumb Code     0  startup_hk32f103xb.o(.text)
    TIM3_IRQHandler                          0x080001e3   Thumb Code     0  startup_hk32f103xb.o(.text)
    TIM4_IRQHandler                          0x080001e3   Thumb Code     0  startup_hk32f103xb.o(.text)
    USART1_IRQHandler                        0x080001e3   Thumb Code     0  startup_hk32f103xb.o(.text)
    USART2_IRQHandler                        0x080001e3   Thumb Code     0  startup_hk32f103xb.o(.text)
    USBWakeUp_IRQHandler                     0x080001e3   Thumb Code     0  startup_hk32f103xb.o(.text)
    USB_HP_CAN1_TX_IRQHandler                0x080001e3   Thumb Code     0  startup_hk32f103xb.o(.text)
    USB_LP_CAN1_RX0_IRQHandler               0x080001e3   Thumb Code     0  startup_hk32f103xb.o(.text)
    WWDG_IRQHandler                          0x080001e3   Thumb Code     0  startup_hk32f103xb.o(.text)
    __user_initial_stackheap                 0x080001e5   Thumb Code     0  startup_hk32f103xb.o(.text)
    __use_two_region_memory                  0x08000209   Thumb Code     2  heapauxi.o(.text)
    __rt_heap_escrow                         0x0800020b   Thumb Code     2  heapauxi.o(.text)
    __rt_heap_expand                         0x0800020d   Thumb Code     2  heapauxi.o(.text)
    __user_setup_stackheap                   0x0800020f   Thumb Code    74  sys_stackheap_outer.o(.text)
    exit                                     0x08000259   Thumb Code    18  exit.o(.text)
    __user_libspace                          0x0800026d   Thumb Code     8  libspace.o(.text)
    __user_perproc_libspace                  0x0800026d   Thumb Code     0  libspace.o(.text)
    __user_perthread_libspace                0x0800026d   Thumb Code     0  libspace.o(.text)
    __I$use$semihosting                      0x08000275   Thumb Code     0  use_no_semi.o(.text)
    __use_no_semihosting_swi                 0x08000275   Thumb Code     2  use_no_semi.o(.text)
    __semihosting_library_function           0x08000277   Thumb Code     0  indicate_semi.o(.text)
    _sys_exit                                0x08000279   Thumb Code     8  sys_exit.o(.text)
    BusFault_Handler                         0x08000285   Thumb Code     4  hk32f10x_it.o(i.BusFault_Handler)
    DebugMon_Handler                         0x08000289   Thumb Code     2  hk32f10x_it.o(i.DebugMon_Handler)
    GPIO_Init                                0x0800028b   Thumb Code   278  hk32f10x_gpio.o(i.GPIO_Init)
    GPIO_ResetBits                           0x080003a1   Thumb Code     4  hk32f10x_gpio.o(i.GPIO_ResetBits)
    GPIO_SetBits                             0x080003a5   Thumb Code     4  hk32f10x_gpio.o(i.GPIO_SetBits)
    HardFault_Handler                        0x080003a9   Thumb Code     4  hk32f10x_it.o(i.HardFault_Handler)
    MemManage_Handler                        0x080003ad   Thumb Code     4  hk32f10x_it.o(i.MemManage_Handler)
    NMI_Handler                              0x080003b1   Thumb Code     2  hk32f10x_it.o(i.NMI_Handler)
    NVIC_Configuration                       0x080003b3   Thumb Code    12  sys.o(i.NVIC_Configuration)
    NVIC_Init                                0x080003c1   Thumb Code   100  misc.o(i.NVIC_Init)
    NVIC_PriorityGroupConfig                 0x08000431   Thumb Code    10  misc.o(i.NVIC_PriorityGroupConfig)
    OLED_Show                                0x08000445   Thumb Code   196  main.o(i.OLED_Show)
    PendSV_Handler                           0x08000509   Thumb Code     2  hk32f10x_it.o(i.PendSV_Handler)
    RCC_APB1PeriphClockCmd                   0x0800050d   Thumb Code    26  hk32f10x_rcc.o(i.RCC_APB1PeriphClockCmd)
    RCC_APB2PeriphClockCmd                   0x0800052d   Thumb Code    26  hk32f10x_rcc.o(i.RCC_APB2PeriphClockCmd)
    RCC_GetClocksFreq                        0x0800054d   Thumb Code   192  hk32f10x_rcc.o(i.RCC_GetClocksFreq)
    RGB_LED_Init                             0x08000621   Thumb Code    50  ws2812.o(i.RGB_LED_Init)
    SVC_Handler                              0x08000659   Thumb Code     2  hk32f10x_it.o(i.SVC_Handler)
    SysTick_CLKSourceConfig                  0x08000745   Thumb Code    40  misc.o(i.SysTick_CLKSourceConfig)
    SysTick_Handler                          0x0800076d   Thumb Code     2  hk32f10x_it.o(i.SysTick_Handler)
    SystemInit                               0x08000771   Thumb Code    78  system_hk32f10x.o(i.SystemInit)
    USART3_IRQHandler                        0x080007d1   Thumb Code    32  usart.o(i.USART3_IRQHandler)
    USART3_Init                              0x080007f5   Thumb Code   138  usart.o(i.USART3_Init)
    USART3_SendByte                          0x08000889   Thumb Code    26  usart.o(i.USART3_SendByte)
    USART_Cmd                                0x080008a9   Thumb Code    24  hk32f10x_usart.o(i.USART_Cmd)
    USART_GetFlagStatus                      0x080008c1   Thumb Code    26  hk32f10x_usart.o(i.USART_GetFlagStatus)
    USART_ITConfig                           0x080008db   Thumb Code    74  hk32f10x_usart.o(i.USART_ITConfig)
    USART_Init                               0x08000925   Thumb Code   210  hk32f10x_usart.o(i.USART_Init)
    USART_ReceiveData                        0x080009fd   Thumb Code    10  hk32f10x_usart.o(i.USART_ReceiveData)
    UsageFault_Handler                       0x08000a07   Thumb Code     4  hk32f10x_it.o(i.UsageFault_Handler)
    all_data_update                          0x08000a0b   Thumb Code     2  protocol.o(i.all_data_update)
    byte_to_int                              0x08000a0d   Thumb Code    26  mcu_api.o(i.byte_to_int)
    data_handle                              0x08000a29   Thumb Code   210  system.o(i.data_handle)
    delay_init                               0x08000b59   Thumb Code    46  delay.o(i.delay_init)
    delay_ms                                 0x08000b99   Thumb Code    74  delay.o(i.delay_ms)
    dp_download_handle                       0x08000c39   Thumb Code   182  protocol.o(i.dp_download_handle)
    get_check_sum                            0x08000e61   Thumb Code    28  system.o(i.get_check_sum)
    get_download_cmd_total                   0x08000ea9   Thumb Code     4  protocol.o(i.get_download_cmd_total)
    main                                     0x08000f69   Thumb Code    94  main.o(i.main)
    mcu_dp_bool_update                       0x08000fc9   Thumb Code    96  mcu_api.o(i.mcu_dp_bool_update)
    mcu_dp_enum_update                       0x0800102d   Thumb Code    82  mcu_api.o(i.mcu_dp_enum_update)
    mcu_dp_raw_update                        0x08001085   Thumb Code   112  mcu_api.o(i.mcu_dp_raw_update)
    mcu_dp_value_update                      0x080010f9   Thumb Code   116  mcu_api.o(i.mcu_dp_value_update)
    mcu_get_dp_download_bool                 0x08001171   Thumb Code     6  mcu_api.o(i.mcu_get_dp_download_bool)
    mcu_get_dp_download_enum                 0x08001177   Thumb Code     6  mcu_api.o(i.mcu_get_dp_download_enum)
    mcu_get_dp_download_value                0x0800117d   Thumb Code    14  mcu_api.o(i.mcu_get_dp_download_value)
    mcu_get_wifi_work_state                  0x0800118d   Thumb Code     6  mcu_api.o(i.mcu_get_wifi_work_state)
    mcu_set_wifi_mode                        0x08001199   Thumb Code    34  mcu_api.o(i.mcu_set_wifi_mode)
    my_memcpy                                0x080011c1   Thumb Code    68  mcu_api.o(i.my_memcpy)
    my_strlen                                0x08001205   Thumb Code    28  mcu_api.o(i.my_strlen)
    oled_display_on                          0x08001221   Thumb Code    28  oled.o(i.oled_display_on)
    oled_init                                0x0800123d   Thumb Code   262  oled.o(i.oled_init)
    oled_pow                                 0x08001349   Thumb Code    22  oled.o(i.oled_pow)
    oled_set_pos                             0x0800135f   Thumb Code    40  oled.o(i.oled_set_pos)
    oled_show_char                           0x08001389   Thumb Code   154  oled.o(i.oled_show_char)
    oled_show_chinese                        0x0800142d   Thumb Code    98  oled.o(i.oled_show_chinese)
    oled_show_number                         0x08001495   Thumb Code   136  oled.o(i.oled_show_number)
    oled_user_clear                          0x0800151d   Thumb Code    62  oled.o(i.oled_user_clear)
    set_wifi_uart_buffer                     0x08001675   Thumb Code    34  system.o(i.set_wifi_uart_buffer)
    set_wifi_uart_byte                       0x0800169d   Thumb Code    12  system.o(i.set_wifi_uart_byte)
    take_byte_rxbuff                         0x080016ad   Thumb Code    46  system.o(i.take_byte_rxbuff)
    uart_receive_input                       0x080016e9   Thumb Code    74  mcu_api.o(i.uart_receive_input)
    uart_transmit_output                     0x08001741   Thumb Code    12  protocol.o(i.uart_transmit_output)
    wifi_protocol_init                       0x0800174d   Thumb Code    24  mcu_api.o(i.wifi_protocol_init)
    wifi_test_result                         0x08001779   Thumb Code     8  protocol.o(i.wifi_test_result)
    wifi_uart_service                        0x08001781   Thumb Code   238  mcu_api.o(i.wifi_uart_service)
    wifi_uart_write_frame                    0x0800189d   Thumb Code    68  system.o(i.wifi_uart_write_frame)
    with_data_rxbuff                         0x080018e5   Thumb Code    20  system.o(i.with_data_rxbuff)
    F6x8                                     0x0800195c   Data         552  oled.o(.constdata)
    F8X16                                    0x08001b84   Data        1520  oled.o(.constdata)
    download_cmd                             0x08002174   Data          40  protocol.o(.constdata)
    Region$$Table$$Base                      0x0800219c   Number         0  anon$$obj.o(Region$$Table)
    Region$$Table$$Limit                     0x080021bc   Number         0  anon$$obj.o(Region$$Table)
    SystemCoreClock                          0x20000000   Data           4  system_hk32f10x.o(.data)
    AHBPrescTable                            0x20000004   Data          16  system_hk32f10x.o(.data)
    Hzk                                      0x2000002c   Data         448  oled.o(.data)
    rx_buf_in                                0x200001f0   Data           4  system.o(.data)
    rx_buf_out                               0x200001f4   Data           4  system.o(.data)
    stop_update_flag                         0x200001f8   Data           1  system.o(.data)
    reset_wifi_flag                          0x200001f9   Data           1  system.o(.data)
    set_wifimode_flag                        0x200001fa   Data           1  system.o(.data)
    wifi_work_state                          0x200001fb   Data           1  system.o(.data)
    wifi_data_process_buf                    0x20000200   Data          31  system.o(.bss)
    wifi_uart_rx_buf                         0x2000021f   Data          23  system.o(.bss)
    wifi_uart_tx_buf                         0x20000236   Data          55  system.o(.bss)
    __libspace_start                         0x20000270   Data          96  libspace.o(.bss)
    __temporary_stack_top$libspace           0x200002d0   Data           0  libspace.o(.bss)



==============================================================================

Memory Map of the image

  Image Entry point : 0x080000ed

  Load Region LR_IROM1 (Base: 0x08000000, Size: 0x000023bc, Max: 0x00020000, ABSOLUTE, COMPRESSED[0x000022a8])

    Execution Region ER_IROM1 (Exec base: 0x08000000, Load base: 0x08000000, Size: 0x000021bc, Max: 0x00020000, ABSOLUTE)

    Exec Addr    Load Addr    Size         Type   Attr      Idx    E Section Name        Object

    0x08000000   0x08000000   0x000000ec   Data   RO          247    RESET               startup_hk32f103xb.o
    0x080000ec   0x080000ec   0x00000008   Code   RO         3914  * !!!main             c_w.l(__main.o)
    0x080000f4   0x080000f4   0x00000034   Code   RO         4330    !!!scatter          c_w.l(__scatter.o)
    0x08000128   0x08000128   0x0000005a   Code   RO         4328    !!dczerorl2         c_w.l(__dczerorl2.o)
    0x08000182   0x08000182   0x00000002   PAD
    0x08000184   0x08000184   0x0000001c   Code   RO         4332    !!handler_zi        c_w.l(__scatter_zi.o)
    0x080001a0   0x080001a0   0x00000002   Code   RO         4113    .ARM.Collect$$libinit$$00000000  c_w.l(libinit.o)
    0x080001a2   0x080001a2   0x00000000   Code   RO         4115    .ARM.Collect$$libinit$$00000002  c_w.l(libinit2.o)
    0x080001a2   0x080001a2   0x00000000   Code   RO         4117    .ARM.Collect$$libinit$$00000004  c_w.l(libinit2.o)
    0x080001a2   0x080001a2   0x00000000   Code   RO         4120    .ARM.Collect$$libinit$$0000000A  c_w.l(libinit2.o)
    0x080001a2   0x080001a2   0x00000000   Code   RO         4122    .ARM.Collect$$libinit$$0000000C  c_w.l(libinit2.o)
    0x080001a2   0x080001a2   0x00000000   Code   RO         4124    .ARM.Collect$$libinit$$0000000E  c_w.l(libinit2.o)
    0x080001a2   0x080001a2   0x00000000   Code   RO         4127    .ARM.Collect$$libinit$$00000011  c_w.l(libinit2.o)
    0x080001a2   0x080001a2   0x00000000   Code   RO         4129    .ARM.Collect$$libinit$$00000013  c_w.l(libinit2.o)
    0x080001a2   0x080001a2   0x00000000   Code   RO         4131    .ARM.Collect$$libinit$$00000015  c_w.l(libinit2.o)
    0x080001a2   0x080001a2   0x00000000   Code   RO         4133    .ARM.Collect$$libinit$$00000017  c_w.l(libinit2.o)
    0x080001a2   0x080001a2   0x00000000   Code   RO         4135    .ARM.Collect$$libinit$$00000019  c_w.l(libinit2.o)
    0x080001a2   0x080001a2   0x00000000   Code   RO         4137    .ARM.Collect$$libinit$$0000001B  c_w.l(libinit2.o)
    0x080001a2   0x080001a2   0x00000000   Code   RO         4139    .ARM.Collect$$libinit$$0000001D  c_w.l(libinit2.o)
    0x080001a2   0x080001a2   0x00000000   Code   RO         4141    .ARM.Collect$$libinit$$0000001F  c_w.l(libinit2.o)
    0x080001a2   0x080001a2   0x00000000   Code   RO         4143    .ARM.Collect$$libinit$$00000021  c_w.l(libinit2.o)
    0x080001a2   0x080001a2   0x00000000   Code   RO         4145    .ARM.Collect$$libinit$$00000023  c_w.l(libinit2.o)
    0x080001a2   0x080001a2   0x00000000   Code   RO         4147    .ARM.Collect$$libinit$$00000025  c_w.l(libinit2.o)
    0x080001a2   0x080001a2   0x00000000   Code   RO         4151    .ARM.Collect$$libinit$$0000002C  c_w.l(libinit2.o)
    0x080001a2   0x080001a2   0x00000000   Code   RO         4153    .ARM.Collect$$libinit$$0000002E  c_w.l(libinit2.o)
    0x080001a2   0x080001a2   0x00000000   Code   RO         4155    .ARM.Collect$$libinit$$00000030  c_w.l(libinit2.o)
    0x080001a2   0x080001a2   0x00000000   Code   RO         4157    .ARM.Collect$$libinit$$00000032  c_w.l(libinit2.o)
    0x080001a2   0x080001a2   0x00000002   Code   RO         4158    .ARM.Collect$$libinit$$00000033  c_w.l(libinit2.o)
    0x080001a4   0x080001a4   0x00000002   Code   RO         4307    .ARM.Collect$$libshutdown$$00000000  c_w.l(libshutdown.o)
    0x080001a6   0x080001a6   0x00000000   Code   RO         4160    .ARM.Collect$$libshutdown$$00000002  c_w.l(libshutdown2.o)
    0x080001a6   0x080001a6   0x00000000   Code   RO         4162    .ARM.Collect$$libshutdown$$00000004  c_w.l(libshutdown2.o)
    0x080001a6   0x080001a6   0x00000000   Code   RO         4164    .ARM.Collect$$libshutdown$$00000006  c_w.l(libshutdown2.o)
    0x080001a6   0x080001a6   0x00000000   Code   RO         4167    .ARM.Collect$$libshutdown$$00000009  c_w.l(libshutdown2.o)
    0x080001a6   0x080001a6   0x00000000   Code   RO         4170    .ARM.Collect$$libshutdown$$0000000C  c_w.l(libshutdown2.o)
    0x080001a6   0x080001a6   0x00000000   Code   RO         4172    .ARM.Collect$$libshutdown$$0000000E  c_w.l(libshutdown2.o)
    0x080001a6   0x080001a6   0x00000000   Code   RO         4175    .ARM.Collect$$libshutdown$$00000011  c_w.l(libshutdown2.o)
    0x080001a6   0x080001a6   0x00000002   Code   RO         4176    .ARM.Collect$$libshutdown$$00000012  c_w.l(libshutdown2.o)
    0x080001a8   0x080001a8   0x00000000   Code   RO         3962    .ARM.Collect$$rtentry$$00000000  c_w.l(__rtentry.o)
    0x080001a8   0x080001a8   0x00000000   Code   RO         3988    .ARM.Collect$$rtentry$$00000002  c_w.l(__rtentry2.o)
    0x080001a8   0x080001a8   0x00000006   Code   RO         4000    .ARM.Collect$$rtentry$$00000004  c_w.l(__rtentry4.o)
    0x080001ae   0x080001ae   0x00000000   Code   RO         3990    .ARM.Collect$$rtentry$$00000009  c_w.l(__rtentry2.o)
    0x080001ae   0x080001ae   0x00000004   Code   RO         3991    .ARM.Collect$$rtentry$$0000000A  c_w.l(__rtentry2.o)
    0x080001b2   0x080001b2   0x00000000   Code   RO         3993    .ARM.Collect$$rtentry$$0000000C  c_w.l(__rtentry2.o)
    0x080001b2   0x080001b2   0x00000008   Code   RO         3994    .ARM.Collect$$rtentry$$0000000D  c_w.l(__rtentry2.o)
    0x080001ba   0x080001ba   0x00000002   Code   RO         4185    .ARM.Collect$$rtexit$$00000000  c_w.l(rtexit.o)
    0x080001bc   0x080001bc   0x00000000   Code   RO         4243    .ARM.Collect$$rtexit$$00000002  c_w.l(rtexit2.o)
    0x080001bc   0x080001bc   0x00000004   Code   RO         4244    .ARM.Collect$$rtexit$$00000003  c_w.l(rtexit2.o)
    0x080001c0   0x080001c0   0x00000006   Code   RO         4245    .ARM.Collect$$rtexit$$00000004  c_w.l(rtexit2.o)
    0x080001c6   0x080001c6   0x00000002   PAD
    0x080001c8   0x080001c8   0x00000040   Code   RO          248    .text               startup_hk32f103xb.o
    0x08000208   0x08000208   0x00000006   Code   RO         3912    .text               c_w.l(heapauxi.o)
    0x0800020e   0x0800020e   0x0000004a   Code   RO         4027    .text               c_w.l(sys_stackheap_outer.o)
    0x08000258   0x08000258   0x00000012   Code   RO         4100    .text               c_w.l(exit.o)
    0x0800026a   0x0800026a   0x00000002   PAD
    0x0800026c   0x0800026c   0x00000008   Code   RO         4179    .text               c_w.l(libspace.o)
    0x08000274   0x08000274   0x00000002   Code   RO         4182    .text               c_w.l(use_no_semi.o)
    0x08000276   0x08000276   0x00000000   Code   RO         4184    .text               c_w.l(indicate_semi.o)
    0x08000276   0x08000276   0x00000002   PAD
    0x08000278   0x08000278   0x0000000c   Code   RO         4240    .text               c_w.l(sys_exit.o)
    0x08000284   0x08000284   0x00000004   Code   RO          116    i.BusFault_Handler  hk32f10x_it.o
    0x08000288   0x08000288   0x00000002   Code   RO          117    i.DebugMon_Handler  hk32f10x_it.o
    0x0800028a   0x0800028a   0x00000116   Code   RO         1265    i.GPIO_Init         hk32f10x_gpio.o
    0x080003a0   0x080003a0   0x00000004   Code   RO         1272    i.GPIO_ResetBits    hk32f10x_gpio.o
    0x080003a4   0x080003a4   0x00000004   Code   RO         1273    i.GPIO_SetBits      hk32f10x_gpio.o
    0x080003a8   0x080003a8   0x00000004   Code   RO          118    i.HardFault_Handler  hk32f10x_it.o
    0x080003ac   0x080003ac   0x00000004   Code   RO          119    i.MemManage_Handler  hk32f10x_it.o
    0x080003b0   0x080003b0   0x00000002   Code   RO          120    i.NMI_Handler       hk32f10x_it.o
    0x080003b2   0x080003b2   0x0000000c   Code   RO         3175    i.NVIC_Configuration  sys.o
    0x080003be   0x080003be   0x00000002   PAD
    0x080003c0   0x080003c0   0x00000070   Code   RO         3076    i.NVIC_Init         misc.o
    0x08000430   0x08000430   0x00000014   Code   RO         3077    i.NVIC_PriorityGroupConfig  misc.o
    0x08000444   0x08000444   0x000000c4   Code   RO          183    i.OLED_Show         main.o
    0x08000508   0x08000508   0x00000002   Code   RO          121    i.PendSV_Handler    hk32f10x_it.o
    0x0800050a   0x0800050a   0x00000002   PAD
    0x0800050c   0x0800050c   0x00000020   Code   RO         1676    i.RCC_APB1PeriphClockCmd  hk32f10x_rcc.o
    0x0800052c   0x0800052c   0x00000020   Code   RO         1678    i.RCC_APB2PeriphClockCmd  hk32f10x_rcc.o
    0x0800054c   0x0800054c   0x000000d4   Code   RO         1686    i.RCC_GetClocksFreq  hk32f10x_rcc.o
    0x08000620   0x08000620   0x00000038   Code   RO         3408    i.RGB_LED_Init      ws2812.o
    0x08000658   0x08000658   0x00000002   Code   RO          122    i.SVC_Handler       hk32f10x_it.o
    0x0800065a   0x0800065a   0x00000008   Code   RO            1    i.SetSysClock       system_hk32f10x.o
    0x08000662   0x08000662   0x00000002   PAD
    0x08000664   0x08000664   0x000000e0   Code   RO            2    i.SetSysClockToHSI64  system_hk32f10x.o
    0x08000744   0x08000744   0x00000028   Code   RO         3080    i.SysTick_CLKSourceConfig  misc.o
    0x0800076c   0x0800076c   0x00000002   Code   RO          123    i.SysTick_Handler   hk32f10x_it.o
    0x0800076e   0x0800076e   0x00000002   PAD
    0x08000770   0x08000770   0x00000060   Code   RO            4    i.SystemInit        system_hk32f10x.o
    0x080007d0   0x080007d0   0x00000024   Code   RO         3466    i.USART3_IRQHandler  usart.o
    0x080007f4   0x080007f4   0x00000094   Code   RO         3467    i.USART3_Init       usart.o
    0x08000888   0x08000888   0x00000020   Code   RO         3468    i.USART3_SendByte   usart.o
    0x080008a8   0x080008a8   0x00000018   Code   RO         2846    i.USART_Cmd         hk32f10x_usart.o
    0x080008c0   0x080008c0   0x0000001a   Code   RO         2849    i.USART_GetFlagStatus  hk32f10x_usart.o
    0x080008da   0x080008da   0x0000004a   Code   RO         2852    i.USART_ITConfig    hk32f10x_usart.o
    0x08000924   0x08000924   0x000000d8   Code   RO         2853    i.USART_Init        hk32f10x_usart.o
    0x080009fc   0x080009fc   0x0000000a   Code   RO         2860    i.USART_ReceiveData  hk32f10x_usart.o
    0x08000a06   0x08000a06   0x00000004   Code   RO          124    i.UsageFault_Handler  hk32f10x_it.o
    0x08000a0a   0x08000a0a   0x00000002   Code   RO         3673    i.all_data_update   protocol.o
    0x08000a0c   0x08000a0c   0x0000001a   Code   RO         3494    i.byte_to_int       mcu_api.o
    0x08000a26   0x08000a26   0x00000002   PAD
    0x08000a28   0x08000a28   0x000000e4   Code   RO         3771    i.data_handle       system.o
    0x08000b0c   0x08000b0c   0x0000004c   Code   RO         3772    i.data_point_handle  system.o
    0x08000b58   0x08000b58   0x00000040   Code   RO         3187    i.delay_init        delay.o
    0x08000b98   0x08000b98   0x00000050   Code   RO         3188    i.delay_ms          delay.o
    0x08000be8   0x08000be8   0x00000028   Code   RO         3674    i.dp_download_export_calibrate_handle  protocol.o
    0x08000c10   0x08000c10   0x00000028   Code   RO         3675    i.dp_download_factory_reset_handle  protocol.o
    0x08000c38   0x08000c38   0x000000b6   Code   RO         3676    i.dp_download_handle  protocol.o
    0x08000cee   0x08000cee   0x00000028   Code   RO         3677    i.dp_download_light_handle  protocol.o
    0x08000d16   0x08000d16   0x00000028   Code   RO         3678    i.dp_download_manual_feed_handle  protocol.o
    0x08000d3e   0x08000d3e   0x0000001c   Code   RO         3679    i.dp_download_meal_plan_handle  protocol.o
    0x08000d5a   0x08000d5a   0x00000028   Code   RO         3680    i.dp_download_quick_feed_handle  protocol.o
    0x08000d82   0x08000d82   0x00000028   Code   RO         3681    i.dp_download_slow_feed_handle  protocol.o
    0x08000daa   0x08000daa   0x00000028   Code   RO         3682    i.dp_download_switch_handle  protocol.o
    0x08000dd2   0x08000dd2   0x0000003e   Code   RO         3683    i.dp_download_unit_handle  protocol.o
    0x08000e10   0x08000e10   0x00000028   Code   RO         3684    i.dp_download_voice_times_handle  protocol.o
    0x08000e38   0x08000e38   0x00000028   Code   RO         3685    i.dp_download_weight_calibrate_handle  protocol.o
    0x08000e60   0x08000e60   0x0000001c   Code   RO         3773    i.get_check_sum     system.o
    0x08000e7c   0x08000e7c   0x0000002c   Code   RO         3774    i.get_dowmload_dpid_index  system.o
    0x08000ea8   0x08000ea8   0x00000004   Code   RO         3686    i.get_download_cmd_total  protocol.o
    0x08000eac   0x08000eac   0x00000010   Code   RO         3775    i.get_mcu_wifi_mode  system.o
    0x08000ebc   0x08000ebc   0x00000038   Code   RO         3776    i.heat_beat_check   system.o
    0x08000ef4   0x08000ef4   0x00000030   Code   RO         3215    i.i2c_start         oled.o
    0x08000f24   0x08000f24   0x00000028   Code   RO         3216    i.i2c_stop          oled.o
    0x08000f4c   0x08000f4c   0x0000001c   Code   RO         3217    i.i2c_wait_ack      oled.o
    0x08000f68   0x08000f68   0x0000005e   Code   RO          184    i.main              main.o
    0x08000fc6   0x08000fc6   0x00000002   PAD
    0x08000fc8   0x08000fc8   0x00000064   Code   RO         3497    i.mcu_dp_bool_update  mcu_api.o
    0x0800102c   0x0800102c   0x00000058   Code   RO         3498    i.mcu_dp_enum_update  mcu_api.o
    0x08001084   0x08001084   0x00000074   Code   RO         3500    i.mcu_dp_raw_update  mcu_api.o
    0x080010f8   0x080010f8   0x00000078   Code   RO         3502    i.mcu_dp_value_update  mcu_api.o
    0x08001170   0x08001170   0x00000006   Code   RO         3503    i.mcu_get_dp_download_bool  mcu_api.o
    0x08001176   0x08001176   0x00000006   Code   RO         3504    i.mcu_get_dp_download_enum  mcu_api.o
    0x0800117c   0x0800117c   0x0000000e   Code   RO         3505    i.mcu_get_dp_download_value  mcu_api.o
    0x0800118a   0x0800118a   0x00000002   PAD
    0x0800118c   0x0800118c   0x0000000c   Code   RO         3507    i.mcu_get_wifi_work_state  mcu_api.o
    0x08001198   0x08001198   0x00000028   Code   RO         3510    i.mcu_set_wifi_mode  mcu_api.o
    0x080011c0   0x080011c0   0x00000044   Code   RO         3512    i.my_memcpy         mcu_api.o
    0x08001204   0x08001204   0x0000001c   Code   RO         3516    i.my_strlen         mcu_api.o
    0x08001220   0x08001220   0x0000001c   Code   RO         3220    i.oled_display_on   oled.o
    0x0800123c   0x0800123c   0x0000010c   Code   RO         3222    i.oled_init         oled.o
    0x08001348   0x08001348   0x00000016   Code   RO         3223    i.oled_pow          oled.o
    0x0800135e   0x0800135e   0x00000028   Code   RO         3224    i.oled_set_pos      oled.o
    0x08001386   0x08001386   0x00000002   PAD
    0x08001388   0x08001388   0x000000a4   Code   RO         3225    i.oled_show_char    oled.o
    0x0800142c   0x0800142c   0x00000068   Code   RO         3226    i.oled_show_chinese  oled.o
    0x08001494   0x08001494   0x00000088   Code   RO         3229    i.oled_show_number  oled.o
    0x0800151c   0x0800151c   0x0000003e   Code   RO         3232    i.oled_user_clear   oled.o
    0x0800155a   0x0800155a   0x00000038   Code   RO         3233    i.oled_write_byte   oled.o
    0x08001592   0x08001592   0x00000002   PAD
    0x08001594   0x08001594   0x000000e0   Code   RO         3777    i.product_info_update  system.o
    0x08001674   0x08001674   0x00000028   Code   RO         3778    i.set_wifi_uart_buffer  system.o
    0x0800169c   0x0800169c   0x00000010   Code   RO         3779    i.set_wifi_uart_byte  system.o
    0x080016ac   0x080016ac   0x0000003c   Code   RO         3780    i.take_byte_rxbuff  system.o
    0x080016e8   0x080016e8   0x00000058   Code   RO         3518    i.uart_receive_input  mcu_api.o
    0x08001740   0x08001740   0x0000000c   Code   RO         3687    i.uart_transmit_output  protocol.o
    0x0800174c   0x0800174c   0x0000002c   Code   RO         3519    i.wifi_protocol_init  mcu_api.o
    0x08001778   0x08001778   0x00000008   Code   RO         3688    i.wifi_test_result  protocol.o
    0x08001780   0x08001780   0x000000f8   Code   RO         3520    i.wifi_uart_service  mcu_api.o
    0x08001878   0x08001878   0x00000024   Code   RO         3781    i.wifi_uart_write_data  system.o
    0x0800189c   0x0800189c   0x00000048   Code   RO         3782    i.wifi_uart_write_frame  system.o
    0x080018e4   0x080018e4   0x0000001c   Code   RO         3783    i.with_data_rxbuff  system.o
    0x08001900   0x08001900   0x0000005c   Code   RO         3234    i.write_i2c_byte    oled.o
    0x0800195c   0x0800195c   0x00000818   Data   RO         3235    .constdata          oled.o
    0x08002174   0x08002174   0x00000028   Data   RO         3689    .constdata          protocol.o
    0x0800219c   0x0800219c   0x00000020   Data   RO         4326    Region$$Table       anon$$obj.o


    Execution Region RW_IRAM1 (Exec base: 0x20000000, Load base: 0x080021bc, Size: 0x000008d0, Max: 0x00005000, ABSOLUTE, COMPRESSED[0x000000ec])

    Exec Addr    Load Addr    Size         Type   Attr      Idx    E Section Name        Object

    0x20000000   COMPRESSED   0x00000014   Data   RW            5    .data               system_hk32f10x.o
    0x20000014   COMPRESSED   0x00000014   Data   RW         1706    .data               hk32f10x_rcc.o
    0x20000028   COMPRESSED   0x00000004   Data   RW         3190    .data               delay.o
    0x2000002c   COMPRESSED   0x000001c0   Data   RW         3236    .data               oled.o
    0x200001ec   COMPRESSED   0x00000002   Data   RW         3521    .data               mcu_api.o
    0x200001ee   COMPRESSED   0x00000002   PAD
    0x200001f0   COMPRESSED   0x0000000d   Data   RW         3785    .data               system.o
    0x200001fd   COMPRESSED   0x00000003   PAD
    0x20000200        -       0x0000006d   Zero   RW         3784    .bss                system.o
    0x2000026d   COMPRESSED   0x00000003   PAD
    0x20000270        -       0x00000060   Zero   RW         4180    .bss                c_w.l(libspace.o)
    0x200002d0        -       0x00000200   Zero   RW          246    HEAP                startup_hk32f103xb.o
    0x200004d0        -       0x00000400   Zero   RW          245    STACK               startup_hk32f103xb.o


==============================================================================

Image component sizes


      Code (inc. data)   RO Data    RW Data    ZI Data      Debug   Object Name

       144         24          0          4          0       1092   delay.o
       286          0          0          0          0       3064   hk32f10x_gpio.o
        26          0          0          0          0       4026   hk32f10x_it.o
       276         32          0         20          0       4422   hk32f10x_rcc.o
       350          6          0          0          0       4848   hk32f10x_usart.o
       290          0          0          0          0       2387   main.o
      1004         74          0          2          0       8960   mcu_api.o
       172         22          0          0          0       2097   misc.o
      1088         40       2072        448          0       7555   oled.o
       658         22         40          0          0      10605   protocol.o
        64         26        236          0       1536        856   startup_hk32f103xb.o
        12          0          0          0          0        421   sys.o
       924        146          0         13        109       9334   system.o
       328         26          0         20          0     231757   system_hk32f10x.o
       216         20          0          0          0       1556   usart.o
        56          6          0          0          0        471   ws2812.o

    ----------------------------------------------------------------------
      5912        444       2380        512       1648     293451   Object Totals
         0          0         32          0          0          0   (incl. Generated)
        18          0          0          5          3          0   (incl. Padding)

    ----------------------------------------------------------------------

      Code (inc. data)   RO Data    RW Data    ZI Data      Debug   Library Member Name

        90          0          0          0          0          0   __dczerorl2.o
         8          0          0          0          0         68   __main.o
         0          0          0          0          0          0   __rtentry.o
        12          0          0          0          0          0   __rtentry2.o
         6          0          0          0          0          0   __rtentry4.o
        52          8          0          0          0          0   __scatter.o
        28          0          0          0          0          0   __scatter_zi.o
        18          0          0          0          0         80   exit.o
         6          0          0          0          0        152   heapauxi.o
         0          0          0          0          0          0   indicate_semi.o
         2          0          0          0          0          0   libinit.o
         2          0          0          0          0          0   libinit2.o
         2          0          0          0          0          0   libshutdown.o
         2          0          0          0          0          0   libshutdown2.o
         8          4          0          0         96         68   libspace.o
         2          0          0          0          0          0   rtexit.o
        10          0          0          0          0          0   rtexit2.o
        12          4          0          0          0         68   sys_exit.o
        74          0          0          0          0         80   sys_stackheap_outer.o
         2          0          0          0          0         68   use_no_semi.o

    ----------------------------------------------------------------------
       344         16          0          0         96        584   Library Totals
         8          0          0          0          0          0   (incl. Padding)

    ----------------------------------------------------------------------

      Code (inc. data)   RO Data    RW Data    ZI Data      Debug   Library Name

       336         16          0          0         96        584   c_w.l

    ----------------------------------------------------------------------
       344         16          0          0         96        584   Library Totals

    ----------------------------------------------------------------------

==============================================================================


      Code (inc. data)   RO Data    RW Data    ZI Data      Debug   

      6256        460       2380        512       1744     289351   Grand Totals
      6256        460       2380        236       1744     289351   ELF Image Totals (compressed)
      6256        460       2380        236          0          0   ROM Totals

==============================================================================

    Total RO  Size (Code + RO Data)                 8636 (   8.43kB)
    Total RW  Size (RW Data + ZI Data)              2256 (   2.20kB)
    Total ROM Size (Code + RO Data + RW Data)       8872 (   8.66kB)

==============================================================================

